Archive member included to satisfy reference by file (symbol)

c:/environment/armgcc/bin/../lib/gcc/arm-none-eabi/10.3.1/../../../../arm-none-eabi/lib/thumb/v7e-m+fp/hard\libc_nano.a(lib_a-exit.o)
                              c:/environment/armgcc/bin/../lib/gcc/arm-none-eabi/10.3.1/../../../../arm-none-eabi/lib/thumb/v7e-m+fp/hard/crt0.o (exit)
c:/environment/armgcc/bin/../lib/gcc/arm-none-eabi/10.3.1/../../../../arm-none-eabi/lib/thumb/v7e-m+fp/hard\libc_nano.a(lib_a-impure.o)
                              c:/environment/armgcc/bin/../lib/gcc/arm-none-eabi/10.3.1/../../../../arm-none-eabi/lib/thumb/v7e-m+fp/hard\libc_nano.a(lib_a-exit.o) (_global_impure_ptr)
c:/environment/armgcc/bin/../lib/gcc/arm-none-eabi/10.3.1/../../../../arm-none-eabi/lib/thumb/v7e-m+fp/hard\libc_nano.a(lib_a-init.o)
                              c:/environment/armgcc/bin/../lib/gcc/arm-none-eabi/10.3.1/../../../../arm-none-eabi/lib/thumb/v7e-m+fp/hard/crt0.o (__libc_init_array)
c:/environment/armgcc/bin/../lib/gcc/arm-none-eabi/10.3.1/../../../../arm-none-eabi/lib/thumb/v7e-m+fp/hard\libc_nano.a(lib_a-memset.o)
                              c:/environment/armgcc/bin/../lib/gcc/arm-none-eabi/10.3.1/../../../../arm-none-eabi/lib/thumb/v7e-m+fp/hard/crt0.o (memset)
c:/environment/armgcc/bin/../lib/gcc/arm-none-eabi/10.3.1/thumb/v7e-m+fp/hard\libgcc.a(_aeabi_uldivmod.o)
                              CMakeFiles/mec_wheel.dir/Drivers/STM32F4xx_HAL_Driver/Src/stm32f4xx_hal_rcc.c.obj (__aeabi_uldivmod)
c:/environment/armgcc/bin/../lib/gcc/arm-none-eabi/10.3.1/thumb/v7e-m+fp/hard\libgcc.a(_udivmoddi4.o)
                              c:/environment/armgcc/bin/../lib/gcc/arm-none-eabi/10.3.1/thumb/v7e-m+fp/hard\libgcc.a(_aeabi_uldivmod.o) (__udivmoddi4)
c:/environment/armgcc/bin/../lib/gcc/arm-none-eabi/10.3.1/thumb/v7e-m+fp/hard\libgcc.a(_dvmd_tls.o)
                              c:/environment/armgcc/bin/../lib/gcc/arm-none-eabi/10.3.1/thumb/v7e-m+fp/hard\libgcc.a(_aeabi_uldivmod.o) (__aeabi_ldiv0)
c:/environment/armgcc/bin/../lib/gcc/arm-none-eabi/10.3.1/../../../../arm-none-eabi/lib/thumb/v7e-m+fp/hard\libg_nano.a(lib_a-errno.o)
                              CMakeFiles/mec_wheel.dir/Core/Src/sysmem.c.obj (__errno)

Discarded input sections

 .text          0x00000000        0x0 c:/environment/armgcc/bin/../lib/gcc/arm-none-eabi/10.3.1/thumb/v7e-m+fp/hard/crti.o
 .data          0x00000000        0x0 c:/environment/armgcc/bin/../lib/gcc/arm-none-eabi/10.3.1/thumb/v7e-m+fp/hard/crti.o
 .bss           0x00000000        0x0 c:/environment/armgcc/bin/../lib/gcc/arm-none-eabi/10.3.1/thumb/v7e-m+fp/hard/crti.o
 .data          0x00000000        0x4 c:/environment/armgcc/bin/../lib/gcc/arm-none-eabi/10.3.1/thumb/v7e-m+fp/hard/crtbegin.o
 .rodata        0x00000000       0x24 c:/environment/armgcc/bin/../lib/gcc/arm-none-eabi/10.3.1/thumb/v7e-m+fp/hard/crtbegin.o
 .text          0x00000000       0x7c c:/environment/armgcc/bin/../lib/gcc/arm-none-eabi/10.3.1/../../../../arm-none-eabi/lib/thumb/v7e-m+fp/hard/crt0.o
 .data          0x00000000        0x0 c:/environment/armgcc/bin/../lib/gcc/arm-none-eabi/10.3.1/../../../../arm-none-eabi/lib/thumb/v7e-m+fp/hard/crt0.o
 .bss           0x00000000        0x0 c:/environment/armgcc/bin/../lib/gcc/arm-none-eabi/10.3.1/../../../../arm-none-eabi/lib/thumb/v7e-m+fp/hard/crt0.o
 .ARM.extab     0x00000000        0x0 c:/environment/armgcc/bin/../lib/gcc/arm-none-eabi/10.3.1/../../../../arm-none-eabi/lib/thumb/v7e-m+fp/hard/crt0.o
 .ARM.exidx     0x00000000       0x10 c:/environment/armgcc/bin/../lib/gcc/arm-none-eabi/10.3.1/../../../../arm-none-eabi/lib/thumb/v7e-m+fp/hard/crt0.o
 .ARM.attributes
                0x00000000       0x1c c:/environment/armgcc/bin/../lib/gcc/arm-none-eabi/10.3.1/../../../../arm-none-eabi/lib/thumb/v7e-m+fp/hard/crt0.o
 .text          0x00000000        0x0 c:/environment/armgcc/bin/../lib/gcc/arm-none-eabi/10.3.1/../../../../arm-none-eabi/lib/thumb/v7e-m+fp/hard\libc_nano.a(lib_a-exit.o)
 .data          0x00000000        0x0 c:/environment/armgcc/bin/../lib/gcc/arm-none-eabi/10.3.1/../../../../arm-none-eabi/lib/thumb/v7e-m+fp/hard\libc_nano.a(lib_a-exit.o)
 .bss           0x00000000        0x0 c:/environment/armgcc/bin/../lib/gcc/arm-none-eabi/10.3.1/../../../../arm-none-eabi/lib/thumb/v7e-m+fp/hard\libc_nano.a(lib_a-exit.o)
 .text.exit     0x00000000       0x28 c:/environment/armgcc/bin/../lib/gcc/arm-none-eabi/10.3.1/../../../../arm-none-eabi/lib/thumb/v7e-m+fp/hard\libc_nano.a(lib_a-exit.o)
 .debug_frame   0x00000000       0x28 c:/environment/armgcc/bin/../lib/gcc/arm-none-eabi/10.3.1/../../../../arm-none-eabi/lib/thumb/v7e-m+fp/hard\libc_nano.a(lib_a-exit.o)
 .ARM.attributes
                0x00000000       0x34 c:/environment/armgcc/bin/../lib/gcc/arm-none-eabi/10.3.1/../../../../arm-none-eabi/lib/thumb/v7e-m+fp/hard\libc_nano.a(lib_a-exit.o)
[...]
Memory Configuration

Name             Origin             Length             Attributes
RAM              0x20000000         0x00020000         xrw
CCMRAM           0x10000000         0x00010000         xrw
FLASH            0x08000000         0x00080000         xr
*default*        0x00000000         0xffffffff

Linker script and memory map

LOAD c:/environment/armgcc/bin/../lib/gcc/arm-none-eabi/10.3.1/thumb/v7e-m+fp/hard/crti.o
LOAD c:/environment/armgcc/bin/../lib/gcc/arm-none-eabi/10.3.1/thumb/v7e-m+fp/hard/crtbegin.o
LOAD c:/environment/armgcc/bin/../lib/gcc/arm-none-eabi/10.3.1/../../../../arm-none-eabi/lib/thumb/v7e-m+fp/hard/crt0.o
START GROUP
LOAD c:/environment/armgcc/bin/../lib/gcc/arm-none-eabi/10.3.1/../../../../arm-none-eabi/lib/thumb/v7e-m+fp/hard\libc_nano.a
LOAD c:/environment/armgcc/bin/../lib/gcc/arm-none-eabi/10.3.1/../../../../arm-none-eabi/lib/thumb/v7e-m+fp/hard\libm.a
END GROUP
LOAD CMakeFiles/mec_wheel.dir/Core/Src/main.c.obj
LOAD CMakeFiles/mec_wheel.dir/Core/Src/gpio.c.obj
LOAD CMakeFiles/mec_wheel.dir/Core/Src/tim.c.obj
LOAD CMakeFiles/mec_wheel.dir/Core/Src/stm32f4xx_it.c.obj
LOAD CMakeFiles/mec_wheel.dir/Core/Src/stm32f4xx_hal_msp.c.obj
LOAD CMakeFiles/mec_wheel.dir/Drivers/STM32F4xx_HAL_Driver/Src/stm32f4xx_hal_tim.c.obj
LOAD CMakeFiles/mec_wheel.dir/Drivers/STM32F4xx_HAL_Driver/Src/stm32f4xx_hal_tim_ex.c.obj
LOAD CMakeFiles/mec_wheel.dir/Drivers/STM32F4xx_HAL_Driver/Src/stm32f4xx_hal_rcc.c.obj
LOAD CMakeFiles/mec_wheel.dir/Drivers/STM32F4xx_HAL_Driver/Src/stm32f4xx_hal_rcc_ex.c.obj
LOAD CMakeFiles/mec_wheel.dir/Drivers/STM32F4xx_HAL_Driver/Src/stm32f4xx_hal_flash.c.obj
LOAD CMakeFiles/mec_wheel.dir/Drivers/STM32F4xx_HAL_Driver/Src/stm32f4xx_hal_flash_ex.c.obj
LOAD CMakeFiles/mec_wheel.dir/Drivers/STM32F4xx_HAL_Driver/Src/stm32f4xx_hal_flash_ramfunc.c.obj
LOAD CMakeFiles/mec_wheel.dir/Drivers/STM32F4xx_HAL_Driver/Src/stm32f4xx_hal_gpio.c.obj
LOAD CMakeFiles/mec_wheel.dir/Drivers/STM32F4xx_HAL_Driver/Src/stm32f4xx_hal_dma_ex.c.obj
LOAD CMakeFiles/mec_wheel.dir/Drivers/STM32F4xx_HAL_Driver/Src/stm32f4xx_hal_dma.c.obj
LOAD CMakeFiles/mec_wheel.dir/Drivers/STM32F4xx_HAL_Driver/Src/stm32f4xx_hal_pwr.c.obj
LOAD CMakeFiles/mec_wheel.dir/Drivers/STM32F4xx_HAL_Driver/Src/stm32f4xx_hal_pwr_ex.c.obj
LOAD CMakeFiles/mec_wheel.dir/Drivers/STM32F4xx_HAL_Driver/Src/stm32f4xx_hal_cortex.c.obj
LOAD CMakeFiles/mec_wheel.dir/Drivers/STM32F4xx_HAL_Driver/Src/stm32f4xx_hal.c.obj
LOAD CMakeFiles/mec_wheel.dir/Drivers/STM32F4xx_HAL_Driver/Src/stm32f4xx_hal_exti.c.obj
LOAD CMakeFiles/mec_wheel.dir/Core/Src/system_stm32f4xx.c.obj
LOAD CMakeFiles/mec_wheel.dir/Core/Src/sysmem.c.obj
LOAD CMakeFiles/mec_wheel.dir/Core/Src/syscalls.c.obj
LOAD CMakeFiles/mec_wheel.dir/startup_stm32f407xx.s.obj
START GROUP
LOAD c:/environment/armgcc/bin/../lib/gcc/arm-none-eabi/10.3.1/thumb/v7e-m+fp/hard\libgcc.a
LOAD c:/environment/armgcc/bin/../lib/gcc/arm-none-eabi/10.3.1/../../../../arm-none-eabi/lib/thumb/v7e-m+fp/hard\libg_nano.a
LOAD c:/environment/armgcc/bin/../lib/gcc/arm-none-eabi/10.3.1/../../../../arm-none-eabi/lib/thumb/v7e-m+fp/hard\libc_nano.a
END GROUP
START GROUP
LOAD c:/environment/armgcc/bin/../lib/gcc/arm-none-eabi/10.3.1/thumb/v7e-m+fp/hard\libgcc.a
LOAD c:/environment/armgcc/bin/../lib/gcc/arm-none-eabi/10.3.1/../../../../arm-none-eabi/lib/thumb/v7e-m+fp/hard\libc_nano.a
END GROUP
LOAD c:/environment/armgcc/bin/../lib/gcc/arm-none-eabi/10.3.1/thumb/v7e-m+fp/hard/crtend.o
LOAD c:/environment/armgcc/bin/../lib/gcc/arm-none-eabi/10.3.1/thumb/v7e-m+fp/hard/crtn.o
                0x20020000                _estack = (ORIGIN (RAM) + LENGTH (RAM))
                0x00000200                _Min_Heap_Size = 0x200
                0x00000400                _Min_Stack_Size = 0x400

.isr_vector     0x08000000      0x188
                0x08000000                . = ALIGN (0x4)
 *(.isr_vector)
 .isr_vector    0x08000000      0x188 CMakeFiles/mec_wheel.dir/startup_stm32f407xx.s.obj
                0x08000000                g_pfnVectors
                0x08000188                . = ALIGN (0x4)

.text           0x08000188     0x2690
                0x08000188                . = ALIGN (0x4)
 *(.text)
 .text          0x08000188       0x40 c:/environment/armgcc/bin/../lib/gcc/arm-none-eabi/10.3.1/thumb/v7e-m+fp/hard/crtbegin.o
 .text          0x080001c8       0x30 c:/environment/armgcc/bin/../lib/gcc/arm-none-eabi/10.3.1/thumb/v7e-m+fp/hard\libgcc.a(_aeabi_uldivmod.o)
                0x080001c8                __aeabi_uldivmod
 .text          0x080001f8      0x2d0 c:/environment/armgcc/bin/../lib/gcc/arm-none-eabi/10.3.1/thumb/v7e-m+fp/hard\libgcc.a(_udivmoddi4.o)
                0x080001f8                __udivmoddi4
 .text          0x080004c8        0x4 c:/environment/armgcc/bin/../lib/gcc/arm-none-eabi/10.3.1/thumb/v7e-m+fp/hard\libgcc.a(_dvmd_tls.o)
                0x080004c8                __aeabi_idiv0
                0x080004c8                __aeabi_ldiv0
 *(.text*)
 .text.__libc_init_array
                0x080004cc       0x48 c:/environment/armgcc/bin/../lib/gcc/arm-none-eabi/10.3.1/../../../../arm-none-eabi/lib/thumb/v7e-m+fp/hard\libc_nano.a(lib_a-init.o)
                0x080004cc                __libc_init_array
 .text.memset   0x08000514       0x10 c:/environment/armgcc/bin/../lib/gcc/arm-none-eabi/10.3.1/../../../../arm-none-eabi/lib/thumb/v7e-m+fp/hard\libc_nano.a(lib_a-memset.o)
                0x08000514                memset
 .text.main     0x08000524       0x8c CMakeFiles/mec_wheel.dir/Core/Src/main.c.obj
                0x08000524                main
 .text.SystemClock_Config
                0x080005b0       0xd4 CMakeFiles/mec_wheel.dir/Core/Src/main.c.obj
                0x080005b0                SystemClock_Config
 .text.Error_Handler
                0x08000684        0xa CMakeFiles/mec_wheel.dir/Core/Src/main.c.obj
                0x08000684                Error_Handler
 *fill*         0x0800068e        0x2 
 .text.MX_GPIO_Init
                0x08000690      0x158 CMakeFiles/mec_wheel.dir/Core/Src/gpio.c.obj
                0x08000690                MX_GPIO_Init
 .text.MX_TIM3_Init
                0x080007e8      0x104 CMakeFiles/mec_wheel.dir/Core/Src/tim.c.obj
                0x080007e8                MX_TIM3_Init
 .text.MX_TIM5_Init
                0x080008ec      0x104 CMakeFiles/mec_wheel.dir/Core/Src/tim.c.obj
                0x080008ec                MX_TIM5_Init
 .text.HAL_TIM_Base_MspInit
                0x080009f0       0x70 CMakeFiles/mec_wheel.dir/Core/Src/tim.c.obj
                0x080009f0                HAL_TIM_Base_MspInit
 .text.HAL_TIM_MspPostInit
                0x08000a60       0xc0 CMakeFiles/mec_wheel.dir/Core/Src/tim.c.obj
                0x08000a60                HAL_TIM_MspPostInit
 .text.NMI_Handler
                0x08000b20        0x6 CMakeFiles/mec_wheel.dir/Core/Src/stm32f4xx_it.c.obj
                0x08000b20                NMI_Handler
 .text.HardFault_Handler
                0x08000b26        0x6 CMakeFiles/mec_wheel.dir/Core/Src/stm32f4xx_it.c.obj
                0x08000b26                HardFault_Handler
 .text.MemManage_Handler
                0x08000b2c        0x6 CMakeFiles/mec_wheel.dir/Core/Src/stm32f4xx_it.c.obj
                0x08000b2c                MemManage_Handler
 .text.BusFault_Handler
                0x08000b32        0x6 CMakeFiles/mec_wheel.dir/Core/Src/stm32f4xx_it.c.obj
                0x08000b32                BusFault_Handler
 .text.UsageFault_Handler
                0x08000b38        0x6 CMakeFiles/mec_wheel.dir/Core/Src/stm32f4xx_it.c.obj
                0x08000b38                UsageFault_Handler
 .text.SVC_Handler
                0x08000b3e        0xe CMakeFiles/mec_wheel.dir/Core/Src/stm32f4xx_it.c.obj
                0x08000b3e                SVC_Handler
 .text.DebugMon_Handler
                0x08000b4c        0xe CMakeFiles/mec_wheel.dir/Core/Src/stm32f4xx_it.c.obj
                0x08000b4c                DebugMon_Handler
 .text.PendSV_Handler
                0x08000b5a        0xe CMakeFiles/mec_wheel.dir/Core/Src/stm32f4xx_it.c.obj
                0x08000b5a                PendSV_Handler
 .text.SysTick_Handler
                0x08000b68        0xc CMakeFiles/mec_wheel.dir/Core/Src/stm32f4xx_it.c.obj
                0x08000b68                SysTick_Handler
 .text.HAL_MspInit
                0x08000b74       0x50 CMakeFiles/mec_wheel.dir/Core/Src/stm32f4xx_hal_msp.c.obj
                0x08000b74                HAL_MspInit
 .text.HAL_TIM_Base_Init
                0x08000bc4       0x9e CMakeFiles/mec_wheel.dir/Drivers/STM32F4xx_HAL_Driver/Src/stm32f4xx_hal_tim.c.obj
                0x08000bc4                HAL_TIM_Base_Init
 .text.HAL_TIM_PWM_Init
                0x08000c62       0x9e CMakeFiles/mec_wheel.dir/Drivers/STM32F4xx_HAL_Driver/Src/stm32f4xx_hal_tim.c.obj
                0x08000c62                HAL_TIM_PWM_Init
 .text.HAL_TIM_PWM_MspInit
                0x08000d00       0x14 CMakeFiles/mec_wheel.dir/Drivers/STM32F4xx_HAL_Driver/Src/stm32f4xx_hal_tim.c.obj
                0x08000d00                HAL_TIM_PWM_MspInit
 .text.HAL_TIM_PWM_Start
                0x08000d14      0x190 CMakeFiles/mec_wheel.dir/Drivers/STM32F4xx_HAL_Driver/Src/stm32f4xx_hal_tim.c.obj
                0x08000d14                HAL_TIM_PWM_Start
 .text.HAL_TIM_PWM_ConfigChannel
                0x08000ea4      0x184 CMakeFiles/mec_wheel.dir/Drivers/STM32F4xx_HAL_Driver/Src/stm32f4xx_hal_tim.c.obj
                0x08000ea4                HAL_TIM_PWM_ConfigChannel
 .text.HAL_TIM_ConfigClockSource
                0x08001028      0x18e CMakeFiles/mec_wheel.dir/Drivers/STM32F4xx_HAL_Driver/Src/stm32f4xx_hal_tim.c.obj
                0x08001028                HAL_TIM_ConfigClockSource
 *fill*         0x080011b6        0x2 
 .text.TIM_Base_SetConfig
                0x080011b8      0x14c CMakeFiles/mec_wheel.dir/Drivers/STM32F4xx_HAL_Driver/Src/stm32f4xx_hal_tim.c.obj
                0x080011b8                TIM_Base_SetConfig
 .text.TIM_OC1_SetConfig
                0x08001304       0xe0 CMakeFiles/mec_wheel.dir/Drivers/STM32F4xx_HAL_Driver/Src/stm32f4xx_hal_tim.c.obj
 .text.TIM_OC2_SetConfig
                0x080013e4       0xec CMakeFiles/mec_wheel.dir/Drivers/STM32F4xx_HAL_Driver/Src/stm32f4xx_hal_tim.c.obj
                0x080013e4                TIM_OC2_SetConfig
 .text.TIM_OC3_SetConfig
                0x080014d0       0xe8 CMakeFiles/mec_wheel.dir/Drivers/STM32F4xx_HAL_Driver/Src/stm32f4xx_hal_tim.c.obj
 .text.TIM_OC4_SetConfig
                0x080015b8       0xac CMakeFiles/mec_wheel.dir/Drivers/STM32F4xx_HAL_Driver/Src/stm32f4xx_hal_tim.c.obj
 .text.TIM_TI1_ConfigInputStage
                0x08001664       0x5e CMakeFiles/mec_wheel.dir/Drivers/STM32F4xx_HAL_Driver/Src/stm32f4xx_hal_tim.c.obj
 .text.TIM_TI2_ConfigInputStage
                0x080016c2       0x60 CMakeFiles/mec_wheel.dir/Drivers/STM32F4xx_HAL_Driver/Src/stm32f4xx_hal_tim.c.obj
 .text.TIM_ITRx_SetConfig
                0x08001722       0x36 CMakeFiles/mec_wheel.dir/Drivers/STM32F4xx_HAL_Driver/Src/stm32f4xx_hal_tim.c.obj
 .text.TIM_ETR_SetConfig
                0x08001758       0x40 CMakeFiles/mec_wheel.dir/Drivers/STM32F4xx_HAL_Driver/Src/stm32f4xx_hal_tim.c.obj
                0x08001758                TIM_ETR_SetConfig
 .text.TIM_CCxChannelCmd
                0x08001798       0x4a CMakeFiles/mec_wheel.dir/Drivers/STM32F4xx_HAL_Driver/Src/stm32f4xx_hal_tim.c.obj
                0x08001798                TIM_CCxChannelCmd
 *fill*         0x080017e2        0x2 
 .text.HAL_TIMEx_MasterConfigSynchronization
                0x080017e4       0xf8 CMakeFiles/mec_wheel.dir/Drivers/STM32F4xx_HAL_Driver/Src/stm32f4xx_hal_tim_ex.c.obj
                0x080017e4                HAL_TIMEx_MasterConfigSynchronization
 .text.HAL_RCC_OscConfig
                0x080018dc      0x4f0 CMakeFiles/mec_wheel.dir/Drivers/STM32F4xx_HAL_Driver/Src/stm32f4xx_hal_rcc.c.obj
                0x080018dc                HAL_RCC_OscConfig
 .text.HAL_RCC_ClockConfig
                0x08001dcc      0x1cc CMakeFiles/mec_wheel.dir/Drivers/STM32F4xx_HAL_Driver/Src/stm32f4xx_hal_rcc.c.obj
                0x08001dcc                HAL_RCC_ClockConfig
 .text.HAL_RCC_GetSysClockFreq
                0x08001f98      0x18c CMakeFiles/mec_wheel.dir/Drivers/STM32F4xx_HAL_Driver/Src/stm32f4xx_hal_rcc.c.obj
                0x08001f98                HAL_RCC_GetSysClockFreq
 .text.HAL_GPIO_Init
                0x08002124      0x338 CMakeFiles/mec_wheel.dir/Drivers/STM32F4xx_HAL_Driver/Src/stm32f4xx_hal_gpio.c.obj
                0x08002124                HAL_GPIO_Init
 .text.HAL_GPIO_WritePin
                0x0800245c       0x32 CMakeFiles/mec_wheel.dir/Drivers/STM32F4xx_HAL_Driver/Src/stm32f4xx_hal_gpio.c.obj
                0x0800245c                HAL_GPIO_WritePin
 *fill*         0x0800248e        0x2 
 .text.__NVIC_SetPriorityGrouping
                0x08002490       0x48 CMakeFiles/mec_wheel.dir/Drivers/STM32F4xx_HAL_Driver/Src/stm32f4xx_hal_cortex.c.obj
 .text.__NVIC_GetPriorityGrouping
                0x080024d8       0x1c CMakeFiles/mec_wheel.dir/Drivers/STM32F4xx_HAL_Driver/Src/stm32f4xx_hal_cortex.c.obj
 .text.__NVIC_SetPriority
                0x080024f4       0x54 CMakeFiles/mec_wheel.dir/Drivers/STM32F4xx_HAL_Driver/Src/stm32f4xx_hal_cortex.c.obj
 .text.NVIC_EncodePriority
                0x08002548       0x66 CMakeFiles/mec_wheel.dir/Drivers/STM32F4xx_HAL_Driver/Src/stm32f4xx_hal_cortex.c.obj
 *fill*         0x080025ae        0x2 
 .text.SysTick_Config
                0x080025b0       0x44 CMakeFiles/mec_wheel.dir/Drivers/STM32F4xx_HAL_Driver/Src/stm32f4xx_hal_cortex.c.obj
 .text.HAL_NVIC_SetPriorityGrouping
                0x080025f4       0x16 CMakeFiles/mec_wheel.dir/Drivers/STM32F4xx_HAL_Driver/Src/stm32f4xx_hal_cortex.c.obj
                0x080025f4                HAL_NVIC_SetPriorityGrouping
 .text.HAL_NVIC_SetPriority
                0x0800260a       0x38 CMakeFiles/mec_wheel.dir/Drivers/STM32F4xx_HAL_Driver/Src/stm32f4xx_hal_cortex.c.obj
                0x0800260a                HAL_NVIC_SetPriority
 .text.HAL_SYSTICK_Config
                0x08002642       0x18 CMakeFiles/mec_wheel.dir/Drivers/STM32F4xx_HAL_Driver/Src/stm32f4xx_hal_cortex.c.obj
                0x08002642                HAL_SYSTICK_Config
 *fill*         0x0800265a        0x2 
 .text.HAL_Init
                0x0800265c       0x44 CMakeFiles/mec_wheel.dir/Drivers/STM32F4xx_HAL_Driver/Src/stm32f4xx_hal.c.obj
                0x0800265c                HAL_Init
 .text.HAL_InitTick
                0x080026a0       0x60 CMakeFiles/mec_wheel.dir/Drivers/STM32F4xx_HAL_Driver/Src/stm32f4xx_hal.c.obj
                0x080026a0                HAL_InitTick
 .text.HAL_IncTick
                0x08002700       0x28 CMakeFiles/mec_wheel.dir/Drivers/STM32F4xx_HAL_Driver/Src/stm32f4xx_hal.c.obj
                0x08002700                HAL_IncTick
 .text.HAL_GetTick
                0x08002728       0x18 CMakeFiles/mec_wheel.dir/Drivers/STM32F4xx_HAL_Driver/Src/stm32f4xx_hal.c.obj
                0x08002728                HAL_GetTick
 .text.HAL_Delay
                0x08002740       0x48 CMakeFiles/mec_wheel.dir/Drivers/STM32F4xx_HAL_Driver/Src/stm32f4xx_hal.c.obj
                0x08002740                HAL_Delay
 .text.SystemInit
                0x08002788       0x24 CMakeFiles/mec_wheel.dir/Core/Src/system_stm32f4xx.c.obj
                0x08002788                SystemInit
 .text.Reset_Handler
                0x080027ac       0x50 CMakeFiles/mec_wheel.dir/startup_stm32f407xx.s.obj
                0x080027ac                Reset_Handler
 .text.Default_Handler
                0x080027fc        0x2 CMakeFiles/mec_wheel.dir/startup_stm32f407xx.s.obj
                0x080027fc                RTC_Alarm_IRQHandler
                0x080027fc                HASH_RNG_IRQHandler
                0x080027fc                EXTI2_IRQHandler
                0x080027fc                TIM8_CC_IRQHandler
                0x080027fc                TIM1_CC_IRQHandler
                0x080027fc                DMA2_Stream5_IRQHandler
                0x080027fc                DMA1_Stream5_IRQHandler
                0x080027fc                PVD_IRQHandler
                0x080027fc                SDIO_IRQHandler
                0x080027fc                TAMP_STAMP_IRQHandler
                0x080027fc                CAN2_RX1_IRQHandler
                0x080027fc                EXTI3_IRQHandler
                0x080027fc                TIM8_TRG_COM_TIM14_IRQHandler
                0x080027fc                TIM1_UP_TIM10_IRQHandler
                0x080027fc                TIM8_UP_TIM13_IRQHandler
                0x080027fc                I2C3_ER_IRQHandler
                0x080027fc                EXTI0_IRQHandler
                0x080027fc                I2C2_EV_IRQHandler
                0x080027fc                DMA1_Stream2_IRQHandler
                0x080027fc                CAN1_RX0_IRQHandler
                0x080027fc                FPU_IRQHandler
                0x080027fc                OTG_HS_WKUP_IRQHandler
                0x080027fc                CAN2_SCE_IRQHandler
                0x080027fc                DMA2_Stream2_IRQHandler
                0x080027fc                SPI1_IRQHandler
                0x080027fc                TIM6_DAC_IRQHandler
                0x080027fc                TIM1_BRK_TIM9_IRQHandler
                0x080027fc                DCMI_IRQHandler
                0x080027fc                CAN2_RX0_IRQHandler
                0x080027fc                DMA2_Stream3_IRQHandler
                0x080027fc                USART6_IRQHandler
                0x080027fc                USART3_IRQHandler
                0x080027fc                CAN1_RX1_IRQHandler
                0x080027fc                UART5_IRQHandler
                0x080027fc                DMA2_Stream0_IRQHandler
                0x080027fc                TIM4_IRQHandler
                0x080027fc                I2C1_EV_IRQHandler
                0x080027fc                DMA1_Stream6_IRQHandler
                0x080027fc                DMA1_Stream1_IRQHandler
                0x080027fc                UART4_IRQHandler
                0x080027fc                TIM3_IRQHandler
                0x080027fc                RCC_IRQHandler
                0x080027fc                TIM8_BRK_TIM12_IRQHandler
                0x080027fc                Default_Handler
                0x080027fc                EXTI15_10_IRQHandler
                0x080027fc                ADC_IRQHandler
                0x080027fc                DMA1_Stream7_IRQHandler
                0x080027fc                TIM7_IRQHandler
                0x080027fc                CAN2_TX_IRQHandler
                0x080027fc                TIM5_IRQHandler
                0x080027fc                DMA2_Stream7_IRQHandler
                0x080027fc                I2C3_EV_IRQHandler
                0x080027fc                EXTI9_5_IRQHandler
                0x080027fc                RTC_WKUP_IRQHandler
                0x080027fc                ETH_WKUP_IRQHandler
                0x080027fc                SPI2_IRQHandler
                0x080027fc                OTG_HS_EP1_IN_IRQHandler
                0x080027fc                DMA1_Stream0_IRQHandler
                0x080027fc                CAN1_TX_IRQHandler
                0x080027fc                EXTI4_IRQHandler
                0x080027fc                FSMC_IRQHandler
                0x080027fc                ETH_IRQHandler
                0x080027fc                OTG_HS_EP1_OUT_IRQHandler
                0x080027fc                WWDG_IRQHandler
                0x080027fc                TIM2_IRQHandler
                0x080027fc                OTG_FS_WKUP_IRQHandler
                0x080027fc                TIM1_TRG_COM_TIM11_IRQHandler
                0x080027fc                OTG_HS_IRQHandler
                0x080027fc                EXTI1_IRQHandler
                0x080027fc                USART2_IRQHandler
                0x080027fc                I2C2_ER_IRQHandler
                0x080027fc                DMA2_Stream1_IRQHandler
                0x080027fc                CAN1_SCE_IRQHandler
                0x080027fc                FLASH_IRQHandler
                0x080027fc                DMA2_Stream4_IRQHandler
                0x080027fc                USART1_IRQHandler
                0x080027fc                OTG_FS_IRQHandler
                0x080027fc                SPI3_IRQHandler
                0x080027fc                DMA1_Stream4_IRQHandler
                0x080027fc                I2C1_ER_IRQHandler
                0x080027fc                DMA2_Stream6_IRQHandler
                0x080027fc                DMA1_Stream3_IRQHandler
 *(.glue_7)
 .glue_7        0x080027fe        0x0 linker stubs
 *(.glue_7t)
 .glue_7t       0x080027fe        0x0 linker stubs
 *(.eh_frame)
 *fill*         0x080027fe        0x2 
 .eh_frame      0x08002800        0x0 c:/environment/armgcc/bin/../lib/gcc/arm-none-eabi/10.3.1/thumb/v7e-m+fp/hard/crtbegin.o
 *(.init)
 .init          0x08002800        0x4 c:/environment/armgcc/bin/../lib/gcc/arm-none-eabi/10.3.1/thumb/v7e-m+fp/hard/crti.o
                0x08002800                _init
 .init          0x08002804        0x8 c:/environment/armgcc/bin/../lib/gcc/arm-none-eabi/10.3.1/thumb/v7e-m+fp/hard/crtn.o
 *(.fini)
 .fini          0x0800280c        0x4 c:/environment/armgcc/bin/../lib/gcc/arm-none-eabi/10.3.1/thumb/v7e-m+fp/hard/crti.o
                0x0800280c                _fini
 .fini          0x08002810        0x8 c:/environment/armgcc/bin/../lib/gcc/arm-none-eabi/10.3.1/thumb/v7e-m+fp/hard/crtn.o
                0x08002818                . = ALIGN (0x4)
                0x08002818                _etext = .

.vfp11_veneer   0x08002818        0x0
 .vfp11_veneer  0x08002818        0x0 linker stubs

.v4_bx          0x08002818        0x0
 .v4_bx         0x08002818        0x0 linker stubs

.iplt           0x08002818        0x0
 .iplt          0x08002818        0x0 c:/environment/armgcc/bin/../lib/gcc/arm-none-eabi/10.3.1/thumb/v7e-m+fp/hard/crtbegin.o

.rodata         0x08002818       0x10
                0x08002818                . = ALIGN (0x4)
 *(.rodata)
 *(.rodata*)
 .rodata.AHBPrescTable
                0x08002818       0x10 CMakeFiles/mec_wheel.dir/Core/Src/system_stm32f4xx.c.obj
                0x08002818                AHBPrescTable
                0x08002828                . = ALIGN (0x4)

.ARM.extab
 *(.ARM.extab* .gnu.linkonce.armextab.*)

.ARM            0x08002828        0x8
                0x08002828                __exidx_start = .
 *(.ARM.exidx*)
 .ARM.exidx     0x08002828        0x8 c:/environment/armgcc/bin/../lib/gcc/arm-none-eabi/10.3.1/thumb/v7e-m+fp/hard\libgcc.a(_udivmoddi4.o)
                0x08002830                __exidx_end = .

.rel.dyn        0x08002830        0x0
 .rel.iplt      0x08002830        0x0 c:/environment/armgcc/bin/../lib/gcc/arm-none-eabi/10.3.1/thumb/v7e-m+fp/hard/crtbegin.o

.preinit_array  0x08002830        0x0
                0x08002830                PROVIDE (__preinit_array_start = .)
 *(.preinit_array*)
                0x08002830                PROVIDE (__preinit_array_end = .)

.init_array     0x08002830        0x4
                0x08002830                PROVIDE (__init_array_start = .)
 *(SORT_BY_NAME(.init_array.*))
 *(.init_array*)
 .init_array    0x08002830        0x4 c:/environment/armgcc/bin/../lib/gcc/arm-none-eabi/10.3.1/thumb/v7e-m+fp/hard/crtbegin.o
                0x08002834                PROVIDE (__init_array_end = .)

.fini_array     0x08002834        0x4
                [!provide]                PROVIDE (__fini_array_start = .)
 *(SORT_BY_NAME(.fini_array.*))
 *(.fini_array*)
 .fini_array    0x08002834        0x4 c:/environment/armgcc/bin/../lib/gcc/arm-none-eabi/10.3.1/thumb/v7e-m+fp/hard/crtbegin.o
                [!provide]                PROVIDE (__fini_array_end = .)
                0x08002838                _sidata = LOADADDR (.data)

.data           0x20000000        0xc load address 0x08002838
                0x20000000                . = ALIGN (0x4)
                0x20000000                _sdata = .
 *(.data)
 *(.data*)
 .data.uwTickPrio
                0x20000000        0x4 CMakeFiles/mec_wheel.dir/Drivers/STM32F4xx_HAL_Driver/Src/stm32f4xx_hal.c.obj
                0x20000000                uwTickPrio
 .data.uwTickFreq
                0x20000004        0x1 CMakeFiles/mec_wheel.dir/Drivers/STM32F4xx_HAL_Driver/Src/stm32f4xx_hal.c.obj
                0x20000004                uwTickFreq
 *fill*         0x20000005        0x3 
 .data.SystemCoreClock
                0x20000008        0x4 CMakeFiles/mec_wheel.dir/Core/Src/system_stm32f4xx.c.obj
                0x20000008                SystemCoreClock
                0x2000000c                . = ALIGN (0x4)
                0x2000000c                _edata = .
                0x08002844                _siccmram = LOADADDR (.ccmram)

.igot.plt       0x2000000c        0x0 load address 0x08002844
 .igot.plt      0x2000000c        0x0 c:/environment/armgcc/bin/../lib/gcc/arm-none-eabi/10.3.1/thumb/v7e-m+fp/hard/crtbegin.o

.ccmram         0x10000000        0x0 load address 0x08002844
                0x10000000                . = ALIGN (0x4)
                0x10000000                _sccmram = .
 *(.ccmram)
 *(.ccmram*)
                0x10000000                . = ALIGN (0x4)
                0x10000000                _eccmram = .
                0x10000000                . = ALIGN (0x4)

.bss            0x2000000c       0xb0
                0x2000000c                _sbss = .
                0x2000000c                __bss_start__ = _sbss
 *(.bss)
 .bss           0x2000000c       0x1c c:/environment/armgcc/bin/../lib/gcc/arm-none-eabi/10.3.1/thumb/v7e-m+fp/hard/crtbegin.o
 *(.bss*)
 .bss.htim3     0x20000028       0x48 CMakeFiles/mec_wheel.dir/Core/Src/tim.c.obj
                0x20000028                htim3
 .bss.htim5     0x20000070       0x48 CMakeFiles/mec_wheel.dir/Core/Src/tim.c.obj
                0x20000070                htim5
 .bss.uwTick    0x200000b8        0x4 CMakeFiles/mec_wheel.dir/Drivers/STM32F4xx_HAL_Driver/Src/stm32f4xx_hal.c.obj
                0x200000b8                uwTick
 *(COMMON)
                0x200000bc                . = ALIGN (0x4)
                0x200000bc                _ebss = .
                0x200000bc                __bss_end__ = _ebss

._user_heap_stack
                0x200000bc      0x604
                0x200000c0                . = ALIGN (0x8)
 *fill*         0x200000bc        0x4 
                [!provide]                PROVIDE (end = .)
                0x200000c0                PROVIDE (_end = .)
                0x200002c0                . = (. + _Min_Heap_Size)
 *fill*         0x200000c0      0x200 
                0x200006c0                . = (. + _Min_Stack_Size)
 *fill*         0x200002c0      0x400 
                0x200006c0                . = ALIGN (0x8)

/DISCARD/
 libc.a(*)
 libm.a(*)
 libgcc.a(*)

.ARM.attributes
                0x00000000       0x30
 *(.ARM.attributes)
 .ARM.attributes
                0x00000000       0x1e c:/environment/armgcc/bin/../lib/gcc/arm-none-eabi/10.3.1/thumb/v7e-m+fp/hard/crti.o
 .ARM.attributes
                0x0000001e       0x34 c:/environment/armgcc/bin/../lib/gcc/arm-none-eabi/10.3.1/thumb/v7e-m+fp/hard/crtbegin.o
 .ARM.attributes
                0x00000052       0x34 c:/environment/armgcc/bin/../lib/gcc/arm-none-eabi/10.3.1/../../../../arm-none-eabi/lib/thumb/v7e-m+fp/hard\libc_nano.a(lib_a-init.o)
 .ARM.attributes
                0x00000086       0x34 c:/environment/armgcc/bin/../lib/gcc/arm-none-eabi/10.3.1/../../../../arm-none-eabi/lib/thumb/v7e-m+fp/hard\libc_nano.a(lib_a-memset.o)
 .ARM.attributes
                0x000000ba       0x34 CMakeFiles/mec_wheel.dir/Core/Src/main.c.obj
 .ARM.attributes
                0x000000ee       0x34 CMakeFiles/mec_wheel.dir/Core/Src/gpio.c.obj
 .ARM.attributes
                0x00000122       0x34 CMakeFiles/mec_wheel.dir/Core/Src/tim.c.obj
 .ARM.attributes
                0x00000156       0x34 CMakeFiles/mec_wheel.dir/Core/Src/stm32f4xx_it.c.obj
 .ARM.attributes
                0x0000018a       0x34 CMakeFiles/mec_wheel.dir/Core/Src/stm32f4xx_hal_msp.c.obj
 .ARM.attributes
                0x000001be       0x34 CMakeFiles/mec_wheel.dir/Drivers/STM32F4xx_HAL_Driver/Src/stm32f4xx_hal_tim.c.obj
 .ARM.attributes
                0x000001f2       0x34 CMakeFiles/mec_wheel.dir/Drivers/STM32F4xx_HAL_Driver/Src/stm32f4xx_hal_tim_ex.c.obj
 .ARM.attributes
                0x00000226       0x34 CMakeFiles/mec_wheel.dir/Drivers/STM32F4xx_HAL_Driver/Src/stm32f4xx_hal_rcc.c.obj
 .ARM.attributes
                0x0000025a       0x34 CMakeFiles/mec_wheel.dir/Drivers/STM32F4xx_HAL_Driver/Src/stm32f4xx_hal_gpio.c.obj
 .ARM.attributes
                0x0000028e       0x34 CMakeFiles/mec_wheel.dir/Drivers/STM32F4xx_HAL_Driver/Src/stm32f4xx_hal_cortex.c.obj
 .ARM.attributes
                0x000002c2       0x34 CMakeFiles/mec_wheel.dir/Drivers/STM32F4xx_HAL_Driver/Src/stm32f4xx_hal.c.obj
 .ARM.attributes
                0x000002f6       0x34 CMakeFiles/mec_wheel.dir/Core/Src/system_stm32f4xx.c.obj
 .ARM.attributes
                0x0000032a       0x21 CMakeFiles/mec_wheel.dir/startup_stm32f407xx.s.obj
 .ARM.attributes
                0x0000034b       0x1e c:/environment/armgcc/bin/../lib/gcc/arm-none-eabi/10.3.1/thumb/v7e-m+fp/hard\libgcc.a(_aeabi_uldivmod.o)
 .ARM.attributes
                0x00000369       0x34 c:/environment/armgcc/bin/../lib/gcc/arm-none-eabi/10.3.1/thumb/v7e-m+fp/hard\libgcc.a(_udivmoddi4.o)
 .ARM.attributes
                0x0000039d       0x1e c:/environment/armgcc/bin/../lib/gcc/arm-none-eabi/10.3.1/thumb/v7e-m+fp/hard\libgcc.a(_dvmd_tls.o)
 .ARM.attributes
                0x000003bb       0x1e c:/environment/armgcc/bin/../lib/gcc/arm-none-eabi/10.3.1/thumb/v7e-m+fp/hard/crtn.o
OUTPUT(mec_wheel.elf elf32-littlearm)
LOAD linker stubs
LOAD c:/environment/armgcc/bin/../lib/gcc/arm-none-eabi/10.3.1/../../../../arm-none-eabi/lib/thumb/v7e-m+fp/hard\libc.a
LOAD c:/environment/armgcc/bin/../lib/gcc/arm-none-eabi/10.3.1/../../../../arm-none-eabi/lib/thumb/v7e-m+fp/hard\libm.a
LOAD c:/environment/armgcc/bin/../lib/gcc/arm-none-eabi/10.3.1/thumb/v7e-m+fp/hard\libgcc.a

.debug_frame    0x00000000     0x2760
 .debug_frame   0x00000000       0x2c c:/environment/armgcc/bin/../lib/gcc/arm-none-eabi/10.3.1/../../../../arm-none-eabi/lib/thumb/v7e-m+fp/hard\libc_nano.a(lib_a-init.o)
 .debug_frame   0x0000002c       0x20 c:/environment/armgcc/bin/../lib/gcc/arm-none-eabi/10.3.1/../../../../arm-none-eabi/lib/thumb/v7e-m+fp/hard\libc_nano.a(lib_a-memset.o)
 .debug_frame   0x0000004c       0x6c CMakeFiles/mec_wheel.dir/Core/Src/main.c.obj
 .debug_frame   0x000000b8       0x34 CMakeFiles/mec_wheel.dir/Core/Src/gpio.c.obj
 .debug_frame   0x000000ec       0xcc CMakeFiles/mec_wheel.dir/Core/Src/tim.c.obj
 .debug_frame   0x000001b8      0x104 CMakeFiles/mec_wheel.dir/Core/Src/stm32f4xx_it.c.obj
 .debug_frame   0x000002bc       0x38 CMakeFiles/mec_wheel.dir/Core/Src/stm32f4xx_hal_msp.c.obj
 .debug_frame   0x000002f4     0x11c0 CMakeFiles/mec_wheel.dir/Drivers/STM32F4xx_HAL_Driver/Src/stm32f4xx_hal_tim.c.obj
 .debug_frame   0x000014b4      0x638 CMakeFiles/mec_wheel.dir/Drivers/STM32F4xx_HAL_Driver/Src/stm32f4xx_hal_tim_ex.c.obj
 .debug_frame   0x00001aec      0x1f4 CMakeFiles/mec_wheel.dir/Drivers/STM32F4xx_HAL_Driver/Src/stm32f4xx_hal_rcc.c.obj
 .debug_frame   0x00001ce0      0x14c CMakeFiles/mec_wheel.dir/Drivers/STM32F4xx_HAL_Driver/Src/stm32f4xx_hal_gpio.c.obj
 .debug_frame   0x00001e2c      0x508 CMakeFiles/mec_wheel.dir/Drivers/STM32F4xx_HAL_Driver/Src/stm32f4xx_hal_cortex.c.obj
 .debug_frame   0x00002334      0x374 CMakeFiles/mec_wheel.dir/Drivers/STM32F4xx_HAL_Driver/Src/stm32f4xx_hal.c.obj
 .debug_frame   0x000026a8       0x58 CMakeFiles/mec_wheel.dir/Core/Src/system_stm32f4xx.c.obj
 .debug_frame   0x00002700       0x2c c:/environment/armgcc/bin/../lib/gcc/arm-none-eabi/10.3.1/thumb/v7e-m+fp/hard\libgcc.a(_aeabi_uldivmod.o)
 .debug_frame   0x0000272c       0x34 c:/environment/armgcc/bin/../lib/gcc/arm-none-eabi/10.3.1/thumb/v7e-m+fp/hard\libgcc.a(_udivmoddi4.o)

.debug_info     0x00000000     0x8c95
 .debug_info    0x00000000      0xaa7 CMakeFiles/mec_wheel.dir/Core/Src/main.c.obj
 .debug_info    0x00000aa7      0x443 CMakeFiles/mec_wheel.dir/Core/Src/gpio.c.obj
 .debug_info    0x00000eea      0xc0f CMakeFiles/mec_wheel.dir/Core/Src/tim.c.obj
 .debug_info    0x00001af9      0x119 CMakeFiles/mec_wheel.dir/Core/Src/stm32f4xx_it.c.obj
 .debug_info    0x00001c12      0x2a8 CMakeFiles/mec_wheel.dir/Core/Src/stm32f4xx_hal_msp.c.obj
 .debug_info    0x00001eba     0x2b8e CMakeFiles/mec_wheel.dir/Drivers/STM32F4xx_HAL_Driver/Src/stm32f4xx_hal_tim.c.obj
 .debug_info    0x00004a48     0x14db CMakeFiles/mec_wheel.dir/Drivers/STM32F4xx_HAL_Driver/Src/stm32f4xx_hal_tim_ex.c.obj
 .debug_info    0x00005f23      0x937 CMakeFiles/mec_wheel.dir/Drivers/STM32F4xx_HAL_Driver/Src/stm32f4xx_hal_rcc.c.obj
 .debug_info    0x0000685a      0x76a CMakeFiles/mec_wheel.dir/Drivers/STM32F4xx_HAL_Driver/Src/stm32f4xx_hal_gpio.c.obj
 .debug_info    0x00006fc4      0xe63 CMakeFiles/mec_wheel.dir/Drivers/STM32F4xx_HAL_Driver/Src/stm32f4xx_hal_cortex.c.obj
 .debug_info    0x00007e27      0x929 CMakeFiles/mec_wheel.dir/Drivers/STM32F4xx_HAL_Driver/Src/stm32f4xx_hal.c.obj
 .debug_info    0x00008750      0x523 CMakeFiles/mec_wheel.dir/Core/Src/system_stm32f4xx.c.obj
 .debug_info    0x00008c73       0x22 CMakeFiles/mec_wheel.dir/startup_stm32f407xx.s.obj

.debug_abbrev   0x00000000     0x14ba
 .debug_abbrev  0x00000000      0x1e7 CMakeFiles/mec_wheel.dir/Core/Src/main.c.obj
 .debug_abbrev  0x000001e7      0x121 CMakeFiles/mec_wheel.dir/Core/Src/gpio.c.obj
 .debug_abbrev  0x00000308      0x1d0 CMakeFiles/mec_wheel.dir/Core/Src/tim.c.obj
 .debug_abbrev  0x000004d8       0x61 CMakeFiles/mec_wheel.dir/Core/Src/stm32f4xx_it.c.obj
 .debug_abbrev  0x00000539       0xd4 CMakeFiles/mec_wheel.dir/Core/Src/stm32f4xx_hal_msp.c.obj
 .debug_abbrev  0x0000060d      0x238 CMakeFiles/mec_wheel.dir/Drivers/STM32F4xx_HAL_Driver/Src/stm32f4xx_hal_tim.c.obj
 .debug_abbrev  0x00000845      0x240 CMakeFiles/mec_wheel.dir/Drivers/STM32F4xx_HAL_Driver/Src/stm32f4xx_hal_tim_ex.c.obj
 .debug_abbrev  0x00000a85      0x262 CMakeFiles/mec_wheel.dir/Drivers/STM32F4xx_HAL_Driver/Src/stm32f4xx_hal_rcc.c.obj
 .debug_abbrev  0x00000ce7      0x1c4 CMakeFiles/mec_wheel.dir/Drivers/STM32F4xx_HAL_Driver/Src/stm32f4xx_hal_gpio.c.obj
 .debug_abbrev  0x00000eab      0x30d CMakeFiles/mec_wheel.dir/Drivers/STM32F4xx_HAL_Driver/Src/stm32f4xx_hal_cortex.c.obj
 .debug_abbrev  0x000011b8      0x1da CMakeFiles/mec_wheel.dir/Drivers/STM32F4xx_HAL_Driver/Src/stm32f4xx_hal.c.obj
 .debug_abbrev  0x00001392      0x116 CMakeFiles/mec_wheel.dir/Core/Src/system_stm32f4xx.c.obj
 .debug_abbrev  0x000014a8       0x12 CMakeFiles/mec_wheel.dir/startup_stm32f407xx.s.obj

.debug_aranges  0x00000000      0x998
 .debug_aranges
                0x00000000       0x30 CMakeFiles/mec_wheel.dir/Core/Src/main.c.obj
 .debug_aranges
                0x00000030       0x20 CMakeFiles/mec_wheel.dir/Core/Src/gpio.c.obj
 .debug_aranges
                0x00000050       0x40 CMakeFiles/mec_wheel.dir/Core/Src/tim.c.obj
 .debug_aranges
                0x00000090       0x60 CMakeFiles/mec_wheel.dir/Core/Src/stm32f4xx_it.c.obj
 .debug_aranges
                0x000000f0       0x20 CMakeFiles/mec_wheel.dir/Core/Src/stm32f4xx_hal_msp.c.obj
 .debug_aranges
                0x00000110      0x3d0 CMakeFiles/mec_wheel.dir/Drivers/STM32F4xx_HAL_Driver/Src/stm32f4xx_hal_tim.c.obj
 .debug_aranges
                0x000004e0      0x168 CMakeFiles/mec_wheel.dir/Drivers/STM32F4xx_HAL_Driver/Src/stm32f4xx_hal_tim_ex.c.obj
 .debug_aranges
                0x00000648       0x88 CMakeFiles/mec_wheel.dir/Drivers/STM32F4xx_HAL_Driver/Src/stm32f4xx_hal_rcc.c.obj
 .debug_aranges
                0x000006d0       0x58 CMakeFiles/mec_wheel.dir/Drivers/STM32F4xx_HAL_Driver/Src/stm32f4xx_hal_gpio.c.obj
 .debug_aranges
                0x00000728      0x130 CMakeFiles/mec_wheel.dir/Drivers/STM32F4xx_HAL_Driver/Src/stm32f4xx_hal_cortex.c.obj
 .debug_aranges
                0x00000858       0xf0 CMakeFiles/mec_wheel.dir/Drivers/STM32F4xx_HAL_Driver/Src/stm32f4xx_hal.c.obj
 .debug_aranges
                0x00000948       0x28 CMakeFiles/mec_wheel.dir/Core/Src/system_stm32f4xx.c.obj
 .debug_aranges
                0x00000970       0x28 CMakeFiles/mec_wheel.dir/startup_stm32f407xx.s.obj

.debug_ranges   0x00000000      0x8d0
 .debug_ranges  0x00000000       0x20 CMakeFiles/mec_wheel.dir/Core/Src/main.c.obj
 .debug_ranges  0x00000020       0x10 CMakeFiles/mec_wheel.dir/Core/Src/gpio.c.obj
 .debug_ranges  0x00000030       0x30 CMakeFiles/mec_wheel.dir/Core/Src/tim.c.obj
 .debug_ranges  0x00000060       0x50 CMakeFiles/mec_wheel.dir/Core/Src/stm32f4xx_it.c.obj
 .debug_ranges  0x000000b0       0x10 CMakeFiles/mec_wheel.dir/Core/Src/stm32f4xx_hal_msp.c.obj
 .debug_ranges  0x000000c0      0x3c0 CMakeFiles/mec_wheel.dir/Drivers/STM32F4xx_HAL_Driver/Src/stm32f4xx_hal_tim.c.obj
 .debug_ranges  0x00000480      0x158 CMakeFiles/mec_wheel.dir/Drivers/STM32F4xx_HAL_Driver/Src/stm32f4xx_hal_tim_ex.c.obj
 .debug_ranges  0x000005d8       0x78 CMakeFiles/mec_wheel.dir/Drivers/STM32F4xx_HAL_Driver/Src/stm32f4xx_hal_rcc.c.obj
 .debug_ranges  0x00000650       0x48 CMakeFiles/mec_wheel.dir/Drivers/STM32F4xx_HAL_Driver/Src/stm32f4xx_hal_gpio.c.obj
 .debug_ranges  0x00000698      0x120 CMakeFiles/mec_wheel.dir/Drivers/STM32F4xx_HAL_Driver/Src/stm32f4xx_hal_cortex.c.obj
 .debug_ranges  0x000007b8       0xe0 CMakeFiles/mec_wheel.dir/Drivers/STM32F4xx_HAL_Driver/Src/stm32f4xx_hal.c.obj
 .debug_ranges  0x00000898       0x18 CMakeFiles/mec_wheel.dir/Core/Src/system_stm32f4xx.c.obj
 .debug_ranges  0x000008b0       0x20 CMakeFiles/mec_wheel.dir/startup_stm32f407xx.s.obj

.debug_macro    0x00000000    0x1ff63
 .debug_macro   0x00000000      0x1eb CMakeFiles/mec_wheel.dir/Core/Src/main.c.obj
 .debug_macro   0x000001eb      0xa78 CMakeFiles/mec_wheel.dir/Core/Src/main.c.obj
 .debug_macro   0x00000c63      0x295 CMakeFiles/mec_wheel.dir/Core/Src/main.c.obj
 .debug_macro   0x00000ef8       0x2e CMakeFiles/mec_wheel.dir/Core/Src/main.c.obj
 .debug_macro   0x00000f26       0x2f CMakeFiles/mec_wheel.dir/Core/Src/main.c.obj
 .debug_macro   0x00000f55       0x22 CMakeFiles/mec_wheel.dir/Core/Src/main.c.obj
 .debug_macro   0x00000f77       0x8e CMakeFiles/mec_wheel.dir/Core/Src/main.c.obj
 .debug_macro   0x00001005       0x51 CMakeFiles/mec_wheel.dir/Core/Src/main.c.obj
 .debug_macro   0x00001056      0x103 CMakeFiles/mec_wheel.dir/Core/Src/main.c.obj
 .debug_macro   0x00001159       0x6a CMakeFiles/mec_wheel.dir/Core/Src/main.c.obj
 .debug_macro   0x000011c3      0x1df CMakeFiles/mec_wheel.dir/Core/Src/main.c.obj
 .debug_macro   0x000013a2       0x1c CMakeFiles/mec_wheel.dir/Core/Src/main.c.obj
 .debug_macro   0x000013be       0x22 CMakeFiles/mec_wheel.dir/Core/Src/main.c.obj
 .debug_macro   0x000013e0       0xfb CMakeFiles/mec_wheel.dir/Core/Src/main.c.obj
 .debug_macro   0x000014db     0x1011 CMakeFiles/mec_wheel.dir/Core/Src/main.c.obj
 .debug_macro   0x000024ec      0x11f CMakeFiles/mec_wheel.dir/Core/Src/main.c.obj
 .debug_macro   0x0000260b    0x15ea5 CMakeFiles/mec_wheel.dir/Core/Src/main.c.obj
 .debug_macro   0x000184b0       0x6d CMakeFiles/mec_wheel.dir/Core/Src/main.c.obj
 .debug_macro   0x0001851d     0x3693 CMakeFiles/mec_wheel.dir/Core/Src/main.c.obj
 .debug_macro   0x0001bbb0      0x174 CMakeFiles/mec_wheel.dir/Core/Src/main.c.obj
 .debug_macro   0x0001bd24       0x5c CMakeFiles/mec_wheel.dir/Core/Src/main.c.obj
 .debug_macro   0x0001bd80      0x980 CMakeFiles/mec_wheel.dir/Core/Src/main.c.obj
 .debug_macro   0x0001c700      0x9e9 CMakeFiles/mec_wheel.dir/Core/Src/main.c.obj
 .debug_macro   0x0001d0e9      0x115 CMakeFiles/mec_wheel.dir/Core/Src/main.c.obj
 .debug_macro   0x0001d1fe      0x13e CMakeFiles/mec_wheel.dir/Core/Src/main.c.obj
 .debug_macro   0x0001d33c       0xa5 CMakeFiles/mec_wheel.dir/Core/Src/main.c.obj
 .debug_macro   0x0001d3e1      0x174 CMakeFiles/mec_wheel.dir/Core/Src/main.c.obj
 .debug_macro   0x0001d555      0x287 CMakeFiles/mec_wheel.dir/Core/Src/main.c.obj
 .debug_macro   0x0001d7dc       0x5f CMakeFiles/mec_wheel.dir/Core/Src/main.c.obj
 .debug_macro   0x0001d83b      0x236 CMakeFiles/mec_wheel.dir/Core/Src/main.c.obj
 .debug_macro   0x0001da71      0x12c CMakeFiles/mec_wheel.dir/Core/Src/main.c.obj
 .debug_macro   0x0001db9d      0x21e CMakeFiles/mec_wheel.dir/Core/Src/main.c.obj
 .debug_macro   0x0001ddbb       0x2e CMakeFiles/mec_wheel.dir/Core/Src/main.c.obj
 .debug_macro   0x0001dde9      0x127 CMakeFiles/mec_wheel.dir/Core/Src/main.c.obj
 .debug_macro   0x0001df10       0x7e CMakeFiles/mec_wheel.dir/Core/Src/main.c.obj
 .debug_macro   0x0001df8e       0x89 CMakeFiles/mec_wheel.dir/Core/Src/main.c.obj
 .debug_macro   0x0001e017      0x8ed CMakeFiles/mec_wheel.dir/Core/Src/main.c.obj
 .debug_macro   0x0001e904       0x4d CMakeFiles/mec_wheel.dir/Core/Src/main.c.obj
 .debug_macro   0x0001e951      0x12d CMakeFiles/mec_wheel.dir/Core/Src/main.c.obj
 .debug_macro   0x0001ea7e       0x94 CMakeFiles/mec_wheel.dir/Core/Src/main.c.obj
 .debug_macro   0x0001eb12      0x1dd CMakeFiles/mec_wheel.dir/Core/Src/gpio.c.obj
 .debug_macro   0x0001ecef      0x1dd CMakeFiles/mec_wheel.dir/Core/Src/tim.c.obj
 .debug_macro   0x0001eecc      0x1dd CMakeFiles/mec_wheel.dir/Core/Src/stm32f4xx_it.c.obj
 .debug_macro   0x0001f0a9      0x1d3 CMakeFiles/mec_wheel.dir/Core/Src/stm32f4xx_hal_msp.c.obj
 .debug_macro   0x0001f27c      0x1c5 CMakeFiles/mec_wheel.dir/Drivers/STM32F4xx_HAL_Driver/Src/stm32f4xx_hal_tim.c.obj
 .debug_macro   0x0001f441      0x1c4 CMakeFiles/mec_wheel.dir/Drivers/STM32F4xx_HAL_Driver/Src/stm32f4xx_hal_tim_ex.c.obj
 .debug_macro   0x0001f605      0x1e8 CMakeFiles/mec_wheel.dir/Drivers/STM32F4xx_HAL_Driver/Src/stm32f4xx_hal_rcc.c.obj
 .debug_macro   0x0001f7ed      0x1ca CMakeFiles/mec_wheel.dir/Drivers/STM32F4xx_HAL_Driver/Src/stm32f4xx_hal_gpio.c.obj
 .debug_macro   0x0001f9b7      0x1c4 CMakeFiles/mec_wheel.dir/Drivers/STM32F4xx_HAL_Driver/Src/stm32f4xx_hal_cortex.c.obj
 .debug_macro   0x0001fb7b      0x224 CMakeFiles/mec_wheel.dir/Drivers/STM32F4xx_HAL_Driver/Src/stm32f4xx_hal.c.obj
 .debug_macro   0x0001fd9f      0x1c4 CMakeFiles/mec_wheel.dir/Core/Src/system_stm32f4xx.c.obj

.debug_line     0x00000000     0x9a3f
 .debug_line    0x00000000      0x5f8 CMakeFiles/mec_wheel.dir/Core/Src/main.c.obj
 .debug_line    0x000005f8      0x586 CMakeFiles/mec_wheel.dir/Core/Src/gpio.c.obj
 .debug_line    0x00000b7e      0x6cc CMakeFiles/mec_wheel.dir/Core/Src/tim.c.obj
 .debug_line    0x0000124a      0x60e CMakeFiles/mec_wheel.dir/Core/Src/stm32f4xx_it.c.obj
 .debug_line    0x00001858      0x54c CMakeFiles/mec_wheel.dir/Core/Src/stm32f4xx_hal_msp.c.obj
 .debug_line    0x00001da4     0x3556 CMakeFiles/mec_wheel.dir/Drivers/STM32F4xx_HAL_Driver/Src/stm32f4xx_hal_tim.c.obj
 .debug_line    0x000052fa     0x1826 CMakeFiles/mec_wheel.dir/Drivers/STM32F4xx_HAL_Driver/Src/stm32f4xx_hal_tim_ex.c.obj
 .debug_line    0x00006b20      0xbc5 CMakeFiles/mec_wheel.dir/Drivers/STM32F4xx_HAL_Driver/Src/stm32f4xx_hal_rcc.c.obj
 .debug_line    0x000076e5      0x9a7 CMakeFiles/mec_wheel.dir/Drivers/STM32F4xx_HAL_Driver/Src/stm32f4xx_hal_gpio.c.obj
 .debug_line    0x0000808c      0xb2d CMakeFiles/mec_wheel.dir/Drivers/STM32F4xx_HAL_Driver/Src/stm32f4xx_hal_cortex.c.obj
 .debug_line    0x00008bb9      0x833 CMakeFiles/mec_wheel.dir/Drivers/STM32F4xx_HAL_Driver/Src/stm32f4xx_hal.c.obj
 .debug_line    0x000093ec      0x5be CMakeFiles/mec_wheel.dir/Core/Src/system_stm32f4xx.c.obj
 .debug_line    0x000099aa       0x95 CMakeFiles/mec_wheel.dir/startup_stm32f407xx.s.obj

.debug_str      0x00000000    0xc4fb4
 .debug_str     0x00000000    0xc2532 CMakeFiles/mec_wheel.dir/Core/Src/main.c.obj
                              0xc2848 (size before relaxing)
 .debug_str     0x000c2532       0xcb CMakeFiles/mec_wheel.dir/Core/Src/gpio.c.obj
                              0xc2234 (size before relaxing)
 .debug_str     0x000c25fd      0x1a3 CMakeFiles/mec_wheel.dir/Core/Src/tim.c.obj
                              0xc28ea (size before relaxing)
 .debug_str     0x000c27a0       0xd9 CMakeFiles/mec_wheel.dir/Core/Src/stm32f4xx_it.c.obj
                              0xc2111 (size before relaxing)
 .debug_str     0x000c2879       0x48 CMakeFiles/mec_wheel.dir/Core/Src/stm32f4xx_hal_msp.c.obj
                              0xc2197 (size before relaxing)
 .debug_str     0x000c28c1      0xdd4 CMakeFiles/mec_wheel.dir/Drivers/STM32F4xx_HAL_Driver/Src/stm32f4xx_hal_tim.c.obj
                              0xc335c (size before relaxing)
 .debug_str     0x000c3695      0x50a CMakeFiles/mec_wheel.dir/Drivers/STM32F4xx_HAL_Driver/Src/stm32f4xx_hal_tim_ex.c.obj
                              0xc2afd (size before relaxing)
 .debug_str     0x000c3b9f      0x2ea CMakeFiles/mec_wheel.dir/Drivers/STM32F4xx_HAL_Driver/Src/stm32f4xx_hal_rcc.c.obj
                              0xc2468 (size before relaxing)
 .debug_str     0x000c3e89      0x17b CMakeFiles/mec_wheel.dir/Drivers/STM32F4xx_HAL_Driver/Src/stm32f4xx_hal_gpio.c.obj
                              0xc21d6 (size before relaxing)
 .debug_str     0x000c4004      0x93f CMakeFiles/mec_wheel.dir/Drivers/STM32F4xx_HAL_Driver/Src/stm32f4xx_hal_cortex.c.obj
                              0xc295b (size before relaxing)
 .debug_str     0x000c4943      0x5c8 CMakeFiles/mec_wheel.dir/Drivers/STM32F4xx_HAL_Driver/Src/stm32f4xx_hal.c.obj
                              0xc2b90 (size before relaxing)
 .debug_str     0x000c4f0b       0x66 CMakeFiles/mec_wheel.dir/Core/Src/system_stm32f4xx.c.obj
                              0xc205b (size before relaxing)
 .debug_str     0x000c4f71       0x43 CMakeFiles/mec_wheel.dir/startup_stm32f407xx.s.obj
                                 0x74 (size before relaxing)

.comment        0x00000000       0x49
 .comment       0x00000000       0x49 CMakeFiles/mec_wheel.dir/Core/Src/main.c.obj
                                 0x4a (size before relaxing)
 .comment       0x00000049       0x4a CMakeFiles/mec_wheel.dir/Core/Src/gpio.c.obj
 .comment       0x00000049       0x4a CMakeFiles/mec_wheel.dir/Core/Src/tim.c.obj
 .comment       0x00000049       0x4a CMakeFiles/mec_wheel.dir/Core/Src/stm32f4xx_it.c.obj
 .comment       0x00000049       0x4a CMakeFiles/mec_wheel.dir/Core/Src/stm32f4xx_hal_msp.c.obj
 .comment       0x00000049       0x4a CMakeFiles/mec_wheel.dir/Drivers/STM32F4xx_HAL_Driver/Src/stm32f4xx_hal_tim.c.obj
 .comment       0x00000049       0x4a CMakeFiles/mec_wheel.dir/Drivers/STM32F4xx_HAL_Driver/Src/stm32f4xx_hal_tim_ex.c.obj
 .comment       0x00000049       0x4a CMakeFiles/mec_wheel.dir/Drivers/STM32F4xx_HAL_Driver/Src/stm32f4xx_hal_rcc.c.obj
 .comment       0x00000049       0x4a CMakeFiles/mec_wheel.dir/Drivers/STM32F4xx_HAL_Driver/Src/stm32f4xx_hal_gpio.c.obj
 .comment       0x00000049       0x4a CMakeFiles/mec_wheel.dir/Drivers/STM32F4xx_HAL_Driver/Src/stm32f4xx_hal_cortex.c.obj
 .comment       0x00000049       0x4a CMakeFiles/mec_wheel.dir/Drivers/STM32F4xx_HAL_Driver/Src/stm32f4xx_hal.c.obj
 .comment       0x00000049       0x4a CMakeFiles/mec_wheel.dir/Core/Src/system_stm32f4xx.c.obj
