Archive member included to satisfy reference by file (symbol)

d:/devault/environment/armgcc/bin/../lib/gcc/arm-none-eabi/10.3.1/../../../../arm-none-eabi/lib/thumb/v7e-m+fp/hard\libc_nano.a(lib_a-exit.o)
                              d:/devault/environment/armgcc/bin/../lib/gcc/arm-none-eabi/10.3.1/../../../../arm-none-eabi/lib/thumb/v7e-m+fp/hard/crt0.o (exit)
d:/devault/environment/armgcc/bin/../lib/gcc/arm-none-eabi/10.3.1/../../../../arm-none-eabi/lib/thumb/v7e-m+fp/hard\libc_nano.a(lib_a-impure.o)
                              d:/devault/environment/armgcc/bin/../lib/gcc/arm-none-eabi/10.3.1/../../../../arm-none-eabi/lib/thumb/v7e-m+fp/hard\libc_nano.a(lib_a-exit.o) (_global_impure_ptr)
d:/devault/environment/armgcc/bin/../lib/gcc/arm-none-eabi/10.3.1/../../../../arm-none-eabi/lib/thumb/v7e-m+fp/hard\libc_nano.a(lib_a-init.o)
                              d:/devault/environment/armgcc/bin/../lib/gcc/arm-none-eabi/10.3.1/../../../../arm-none-eabi/lib/thumb/v7e-m+fp/hard/crt0.o (__libc_init_array)
d:/devault/environment/armgcc/bin/../lib/gcc/arm-none-eabi/10.3.1/../../../../arm-none-eabi/lib/thumb/v7e-m+fp/hard\libc_nano.a(lib_a-memset.o)
                              d:/devault/environment/armgcc/bin/../lib/gcc/arm-none-eabi/10.3.1/../../../../arm-none-eabi/lib/thumb/v7e-m+fp/hard/crt0.o (memset)
d:/devault/environment/armgcc/bin/../lib/gcc/arm-none-eabi/10.3.1/thumb/v7e-m+fp/hard\libgcc.a(_aeabi_uldivmod.o)
                              cmake/stm32cubemx/CMakeFiles/STM32_Drivers.dir/__/__/Drivers/STM32F4xx_HAL_Driver/Src/stm32f4xx_hal_rcc.c.obj (__aeabi_uldivmod)
d:/devault/environment/armgcc/bin/../lib/gcc/arm-none-eabi/10.3.1/thumb/v7e-m+fp/hard\libgcc.a(_udivmoddi4.o)
                              d:/devault/environment/armgcc/bin/../lib/gcc/arm-none-eabi/10.3.1/thumb/v7e-m+fp/hard\libgcc.a(_aeabi_uldivmod.o) (__udivmoddi4)
d:/devault/environment/armgcc/bin/../lib/gcc/arm-none-eabi/10.3.1/thumb/v7e-m+fp/hard\libgcc.a(_dvmd_tls.o)
                              d:/devault/environment/armgcc/bin/../lib/gcc/arm-none-eabi/10.3.1/thumb/v7e-m+fp/hard\libgcc.a(_aeabi_uldivmod.o) (__aeabi_ldiv0)
d:/devault/environment/armgcc/bin/../lib/gcc/arm-none-eabi/10.3.1/../../../../arm-none-eabi/lib/thumb/v7e-m+fp/hard\libg_nano.a(lib_a-errno.o)
                              CMakeFiles/mec_wheel.dir/Core/Src/sysmem.c.obj (__errno)

Discarded input sections

 .text          0x00000000        0x0 d:/devault/environment/armgcc/bin/../lib/gcc/arm-none-eabi/10.3.1/thumb/v7e-m+fp/hard/crti.o
 .data          0x00000000        0x0 d:/devault/environment/armgcc/bin/../lib/gcc/arm-none-eabi/10.3.1/thumb/v7e-m+fp/hard/crti.o
 .bss           0x00000000        0x0 d:/devault/environment/armgcc/bin/../lib/gcc/arm-none-eabi/10.3.1/thumb/v7e-m+fp/hard/crti.o
 .data          0x00000000        0x4 d:/devault/environment/armgcc/bin/../lib/gcc/arm-none-eabi/10.3.1/thumb/v7e-m+fp/hard/crtbegin.o
 .rodata        0x00000000       0x24 d:/devault/environment/armgcc/bin/../lib/gcc/arm-none-eabi/10.3.1/thumb/v7e-m+fp/hard/crtbegin.o
 .text          0x00000000       0x7c d:/devault/environment/armgcc/bin/../lib/gcc/arm-none-eabi/10.3.1/../../../../arm-none-eabi/lib/thumb/v7e-m+fp/hard/crt0.o
 .data          0x00000000        0x0 d:/devault/environment/armgcc/bin/../lib/gcc/arm-none-eabi/10.3.1/../../../../arm-none-eabi/lib/thumb/v7e-m+fp/hard/crt0.o
 .bss           0x00000000        0x0 d:/devault/environment/armgcc/bin/../lib/gcc/arm-none-eabi/10.3.1/../../../../arm-none-eabi/lib/thumb/v7e-m+fp/hard/crt0.o
 .ARM.extab     0x00000000        0x0 d:/devault/environment/armgcc/bin/../lib/gcc/arm-none-eabi/10.3.1/../../../../arm-none-eabi/lib/thumb/v7e-m+fp/hard/crt0.o
 .ARM.exidx     0x00000000       0x10 d:/devault/environment/armgcc/bin/../lib/gcc/arm-none-eabi/10.3.1/../../../../arm-none-eabi/lib/thumb/v7e-m+fp/hard/crt0.o
 .ARM.attributes
                0x00000000       0x1c d:/devault/environment/armgcc/bin/../lib/gcc/arm-none-eabi/10.3.1/../../../../arm-none-eabi/lib/thumb/v7e-m+fp/hard/crt0.o
 .text          0x00000000        0x0 d:/devault/environment/armgcc/bin/../lib/gcc/arm-none-eabi/10.3.1/../../../../arm-none-eabi/lib/thumb/v7e-m+fp/hard\libc_nano.a(lib_a-exit.o)
 .data          0x00000000        0x0 d:/devault/environment/armgcc/bin/../lib/gcc/arm-none-eabi/10.3.1/../../../../arm-none-eabi/lib/thumb/v7e-m+fp/hard\libc_nano.a(lib_a-exit.o)
 .bss           0x00000000        0x0 d:/devault/environment/armgcc/bin/../lib/gcc/arm-none-eabi/10.3.1/../../../../arm-none-eabi/lib/thumb/v7e-m+fp/hard\libc_nano.a(lib_a-exit.o)
 .text.exit     0x00000000       0x28 d:/devault/environment/armgcc/bin/../lib/gcc/arm-none-eabi/10.3.1/../../../../arm-none-eabi/lib/thumb/v7e-m+fp/hard\libc_nano.a(lib_a-exit.o)
 .debug_frame   0x00000000       0x28 d:/devault/environment/armgcc/bin/../lib/gcc/arm-none-eabi/10.3.1/../../../../arm-none-eabi/lib/thumb/v7e-m+fp/hard\libc_nano.a(lib_a-exit.o)
 .ARM.attributes
[...]
Memory Configuration

Name             Origin             Length             Attributes
RAM              0x20000000         0x00020000         xrw
CCMRAM           0x10000000         0x00010000         xrw
FLASH            0x08000000         0x00080000         xr
*default*        0x00000000         0xffffffff

Linker script and memory map

LOAD d:/devault/environment/armgcc/bin/../lib/gcc/arm-none-eabi/10.3.1/thumb/v7e-m+fp/hard/crti.o
LOAD d:/devault/environment/armgcc/bin/../lib/gcc/arm-none-eabi/10.3.1/thumb/v7e-m+fp/hard/crtbegin.o
LOAD d:/devault/environment/armgcc/bin/../lib/gcc/arm-none-eabi/10.3.1/../../../../arm-none-eabi/lib/thumb/v7e-m+fp/hard/crt0.o
START GROUP
LOAD d:/devault/environment/armgcc/bin/../lib/gcc/arm-none-eabi/10.3.1/../../../../arm-none-eabi/lib/thumb/v7e-m+fp/hard\libc_nano.a
LOAD d:/devault/environment/armgcc/bin/../lib/gcc/arm-none-eabi/10.3.1/../../../../arm-none-eabi/lib/thumb/v7e-m+fp/hard\libm.a
END GROUP
LOAD CMakeFiles/mec_wheel.dir/Core/Src/driver.c.obj
LOAD CMakeFiles/mec_wheel.dir/Core/Src/control.c.obj
LOAD CMakeFiles/mec_wheel.dir/Core/Src/main.c.obj
LOAD CMakeFiles/mec_wheel.dir/Core/Src/gpio.c.obj
LOAD CMakeFiles/mec_wheel.dir/Core/Src/tim.c.obj
LOAD CMakeFiles/mec_wheel.dir/Core/Src/stm32f4xx_it.c.obj
LOAD CMakeFiles/mec_wheel.dir/Core/Src/stm32f4xx_hal_msp.c.obj
LOAD CMakeFiles/mec_wheel.dir/Core/Src/sysmem.c.obj
LOAD CMakeFiles/mec_wheel.dir/Core/Src/syscalls.c.obj
LOAD CMakeFiles/mec_wheel.dir/startup_stm32f407xx.s.obj
LOAD cmake/stm32cubemx/CMakeFiles/STM32_Drivers.dir/__/__/Core/Src/system_stm32f4xx.c.obj
LOAD cmake/stm32cubemx/CMakeFiles/STM32_Drivers.dir/__/__/Drivers/STM32F4xx_HAL_Driver/Src/stm32f4xx_hal_tim.c.obj
LOAD cmake/stm32cubemx/CMakeFiles/STM32_Drivers.dir/__/__/Drivers/STM32F4xx_HAL_Driver/Src/stm32f4xx_hal_tim_ex.c.obj
LOAD cmake/stm32cubemx/CMakeFiles/STM32_Drivers.dir/__/__/Drivers/STM32F4xx_HAL_Driver/Src/stm32f4xx_hal_rcc.c.obj
LOAD cmake/stm32cubemx/CMakeFiles/STM32_Drivers.dir/__/__/Drivers/STM32F4xx_HAL_Driver/Src/stm32f4xx_hal_rcc_ex.c.obj
LOAD cmake/stm32cubemx/CMakeFiles/STM32_Drivers.dir/__/__/Drivers/STM32F4xx_HAL_Driver/Src/stm32f4xx_hal_flash.c.obj
LOAD cmake/stm32cubemx/CMakeFiles/STM32_Drivers.dir/__/__/Drivers/STM32F4xx_HAL_Driver/Src/stm32f4xx_hal_flash_ex.c.obj
LOAD cmake/stm32cubemx/CMakeFiles/STM32_Drivers.dir/__/__/Drivers/STM32F4xx_HAL_Driver/Src/stm32f4xx_hal_flash_ramfunc.c.obj
LOAD cmake/stm32cubemx/CMakeFiles/STM32_Drivers.dir/__/__/Drivers/STM32F4xx_HAL_Driver/Src/stm32f4xx_hal_gpio.c.obj
LOAD cmake/stm32cubemx/CMakeFiles/STM32_Drivers.dir/__/__/Drivers/STM32F4xx_HAL_Driver/Src/stm32f4xx_hal_dma_ex.c.obj
LOAD cmake/stm32cubemx/CMakeFiles/STM32_Drivers.dir/__/__/Drivers/STM32F4xx_HAL_Driver/Src/stm32f4xx_hal_dma.c.obj
LOAD cmake/stm32cubemx/CMakeFiles/STM32_Drivers.dir/__/__/Drivers/STM32F4xx_HAL_Driver/Src/stm32f4xx_hal_pwr.c.obj
LOAD cmake/stm32cubemx/CMakeFiles/STM32_Drivers.dir/__/__/Drivers/STM32F4xx_HAL_Driver/Src/stm32f4xx_hal_pwr_ex.c.obj
LOAD cmake/stm32cubemx/CMakeFiles/STM32_Drivers.dir/__/__/Drivers/STM32F4xx_HAL_Driver/Src/stm32f4xx_hal_cortex.c.obj
LOAD cmake/stm32cubemx/CMakeFiles/STM32_Drivers.dir/__/__/Drivers/STM32F4xx_HAL_Driver/Src/stm32f4xx_hal.c.obj
LOAD cmake/stm32cubemx/CMakeFiles/STM32_Drivers.dir/__/__/Drivers/STM32F4xx_HAL_Driver/Src/stm32f4xx_hal_exti.c.obj
START GROUP
LOAD d:/devault/environment/armgcc/bin/../lib/gcc/arm-none-eabi/10.3.1/thumb/v7e-m+fp/hard\libgcc.a
LOAD d:/devault/environment/armgcc/bin/../lib/gcc/arm-none-eabi/10.3.1/../../../../arm-none-eabi/lib/thumb/v7e-m+fp/hard\libg_nano.a
LOAD d:/devault/environment/armgcc/bin/../lib/gcc/arm-none-eabi/10.3.1/../../../../arm-none-eabi/lib/thumb/v7e-m+fp/hard\libc_nano.a
END GROUP
START GROUP
LOAD d:/devault/environment/armgcc/bin/../lib/gcc/arm-none-eabi/10.3.1/thumb/v7e-m+fp/hard\libgcc.a
LOAD d:/devault/environment/armgcc/bin/../lib/gcc/arm-none-eabi/10.3.1/../../../../arm-none-eabi/lib/thumb/v7e-m+fp/hard\libc_nano.a
END GROUP
LOAD d:/devault/environment/armgcc/bin/../lib/gcc/arm-none-eabi/10.3.1/thumb/v7e-m+fp/hard/crtend.o
LOAD d:/devault/environment/armgcc/bin/../lib/gcc/arm-none-eabi/10.3.1/thumb/v7e-m+fp/hard/crtn.o
                0x20020000                _estack = (ORIGIN (RAM) + LENGTH (RAM))
                0x00000200                _Min_Heap_Size = 0x200
                0x00000400                _Min_Stack_Size = 0x400

.isr_vector     0x08000000      0x188
                0x08000000                . = ALIGN (0x4)
 *(.isr_vector)
 .isr_vector    0x08000000      0x188 CMakeFiles/mec_wheel.dir/startup_stm32f407xx.s.obj
                0x08000000                g_pfnVectors
                0x08000188                . = ALIGN (0x4)

.text           0x08000188     0x2a1c
                0x08000188                . = ALIGN (0x4)
 *(.text)
 .text          0x08000188       0x40 d:/devault/environment/armgcc/bin/../lib/gcc/arm-none-eabi/10.3.1/thumb/v7e-m+fp/hard/crtbegin.o
 .text          0x080001c8       0x30 d:/devault/environment/armgcc/bin/../lib/gcc/arm-none-eabi/10.3.1/thumb/v7e-m+fp/hard\libgcc.a(_aeabi_uldivmod.o)
                0x080001c8                __aeabi_uldivmod
 .text          0x080001f8      0x2d0 d:/devault/environment/armgcc/bin/../lib/gcc/arm-none-eabi/10.3.1/thumb/v7e-m+fp/hard\libgcc.a(_udivmoddi4.o)
                0x080001f8                __udivmoddi4
 .text          0x080004c8        0x4 d:/devault/environment/armgcc/bin/../lib/gcc/arm-none-eabi/10.3.1/thumb/v7e-m+fp/hard\libgcc.a(_dvmd_tls.o)
                0x080004c8                __aeabi_idiv0
                0x080004c8                __aeabi_ldiv0
 *(.text*)
 .text.__libc_init_array
                0x080004cc       0x48 d:/devault/environment/armgcc/bin/../lib/gcc/arm-none-eabi/10.3.1/../../../../arm-none-eabi/lib/thumb/v7e-m+fp/hard\libc_nano.a(lib_a-init.o)
                0x080004cc                __libc_init_array
 .text.memset   0x08000514       0x10 d:/devault/environment/armgcc/bin/../lib/gcc/arm-none-eabi/10.3.1/../../../../arm-none-eabi/lib/thumb/v7e-m+fp/hard\libc_nano.a(lib_a-memset.o)
                0x08000514                memset
 .text.SetMotor
                0x08000524       0x6c CMakeFiles/mec_wheel.dir/Core/Src/driver.c.obj
                0x08000524                SetMotor
 .text.SetPolarity
                0x08000590       0xfc CMakeFiles/mec_wheel.dir/Core/Src/driver.c.obj
                0x08000590                SetPolarity
 .text.main     0x0800068c       0x50 CMakeFiles/mec_wheel.dir/Core/Src/main.c.obj
                0x0800068c                main
 .text.SystemClock_Config
                0x080006dc       0xd4 CMakeFiles/mec_wheel.dir/Core/Src/main.c.obj
                0x080006dc                SystemClock_Config
 .text.Error_Handler
                0x080007b0        0xa CMakeFiles/mec_wheel.dir/Core/Src/main.c.obj
                0x080007b0                Error_Handler
 *fill*         0x080007ba        0x2 
 .text.MX_GPIO_Init
                0x080007bc      0x174 CMakeFiles/mec_wheel.dir/Core/Src/gpio.c.obj
                0x080007bc                MX_GPIO_Init
 .text.MX_TIM1_Init
                0x08000930       0xb0 CMakeFiles/mec_wheel.dir/Core/Src/tim.c.obj
                0x08000930                MX_TIM1_Init
 .text.MX_TIM3_Init
                0x080009e0      0x104 CMakeFiles/mec_wheel.dir/Core/Src/tim.c.obj
                0x080009e0                MX_TIM3_Init
 .text.MX_TIM5_Init
                0x08000ae4      0x104 CMakeFiles/mec_wheel.dir/Core/Src/tim.c.obj
                0x08000ae4                MX_TIM5_Init
 .text.HAL_TIM_Encoder_MspInit
                0x08000be8       0x90 CMakeFiles/mec_wheel.dir/Core/Src/tim.c.obj
                0x08000be8                HAL_TIM_Encoder_MspInit
 .text.HAL_TIM_Base_MspInit
                0x08000c78       0x70 CMakeFiles/mec_wheel.dir/Core/Src/tim.c.obj
                0x08000c78                HAL_TIM_Base_MspInit
 .text.HAL_TIM_MspPostInit
                0x08000ce8       0xc0 CMakeFiles/mec_wheel.dir/Core/Src/tim.c.obj
                0x08000ce8                HAL_TIM_MspPostInit
 .text.NMI_Handler
                0x08000da8        0x6 CMakeFiles/mec_wheel.dir/Core/Src/stm32f4xx_it.c.obj
                0x08000da8                NMI_Handler
 .text.HardFault_Handler
                0x08000dae        0x6 CMakeFiles/mec_wheel.dir/Core/Src/stm32f4xx_it.c.obj
                0x08000dae                HardFault_Handler
 .text.MemManage_Handler
                0x08000db4        0x6 CMakeFiles/mec_wheel.dir/Core/Src/stm32f4xx_it.c.obj
                0x08000db4                MemManage_Handler
 .text.BusFault_Handler
                0x08000dba        0x6 CMakeFiles/mec_wheel.dir/Core/Src/stm32f4xx_it.c.obj
                0x08000dba                BusFault_Handler
 .text.UsageFault_Handler
                0x08000dc0        0x6 CMakeFiles/mec_wheel.dir/Core/Src/stm32f4xx_it.c.obj
                0x08000dc0                UsageFault_Handler
 .text.SVC_Handler
                0x08000dc6        0xe CMakeFiles/mec_wheel.dir/Core/Src/stm32f4xx_it.c.obj
                0x08000dc6                SVC_Handler
 .text.DebugMon_Handler
                0x08000dd4        0xe CMakeFiles/mec_wheel.dir/Core/Src/stm32f4xx_it.c.obj
                0x08000dd4                DebugMon_Handler
 .text.PendSV_Handler
                0x08000de2        0xe CMakeFiles/mec_wheel.dir/Core/Src/stm32f4xx_it.c.obj
                0x08000de2                PendSV_Handler
 .text.SysTick_Handler
                0x08000df0        0xc CMakeFiles/mec_wheel.dir/Core/Src/stm32f4xx_it.c.obj
                0x08000df0                SysTick_Handler
 .text.HAL_MspInit
                0x08000dfc       0x50 CMakeFiles/mec_wheel.dir/Core/Src/stm32f4xx_hal_msp.c.obj
                0x08000dfc                HAL_MspInit
 .text.Reset_Handler
                0x08000e4c       0x50 CMakeFiles/mec_wheel.dir/startup_stm32f407xx.s.obj
                0x08000e4c                Reset_Handler
 .text.Default_Handler
                0x08000e9c        0x2 CMakeFiles/mec_wheel.dir/startup_stm32f407xx.s.obj
                0x08000e9c                RTC_Alarm_IRQHandler
                0x08000e9c                HASH_RNG_IRQHandler
                0x08000e9c                EXTI2_IRQHandler
                0x08000e9c                TIM8_CC_IRQHandler
                0x08000e9c                TIM1_CC_IRQHandler
                0x08000e9c                DMA2_Stream5_IRQHandler
                0x08000e9c                DMA1_Stream5_IRQHandler
                0x08000e9c                PVD_IRQHandler
                0x08000e9c                SDIO_IRQHandler
                0x08000e9c                TAMP_STAMP_IRQHandler
                0x08000e9c                CAN2_RX1_IRQHandler
                0x08000e9c                EXTI3_IRQHandler
                0x08000e9c                TIM8_TRG_COM_TIM14_IRQHandler
                0x08000e9c                TIM1_UP_TIM10_IRQHandler
                0x08000e9c                TIM8_UP_TIM13_IRQHandler
                0x08000e9c                I2C3_ER_IRQHandler
                0x08000e9c                EXTI0_IRQHandler
                0x08000e9c                I2C2_EV_IRQHandler
                0x08000e9c                DMA1_Stream2_IRQHandler
                0x08000e9c                CAN1_RX0_IRQHandler
                0x08000e9c                FPU_IRQHandler
                0x08000e9c                OTG_HS_WKUP_IRQHandler
                0x08000e9c                CAN2_SCE_IRQHandler
                0x08000e9c                DMA2_Stream2_IRQHandler
                0x08000e9c                SPI1_IRQHandler
                0x08000e9c                TIM6_DAC_IRQHandler
                0x08000e9c                TIM1_BRK_TIM9_IRQHandler
                0x08000e9c                DCMI_IRQHandler
                0x08000e9c                CAN2_RX0_IRQHandler
                0x08000e9c                DMA2_Stream3_IRQHandler
                0x08000e9c                USART6_IRQHandler
                0x08000e9c                USART3_IRQHandler
                0x08000e9c                CAN1_RX1_IRQHandler
                0x08000e9c                UART5_IRQHandler
                0x08000e9c                DMA2_Stream0_IRQHandler
                0x08000e9c                TIM4_IRQHandler
                0x08000e9c                I2C1_EV_IRQHandler
                0x08000e9c                DMA1_Stream6_IRQHandler
                0x08000e9c                DMA1_Stream1_IRQHandler
                0x08000e9c                UART4_IRQHandler
                0x08000e9c                TIM3_IRQHandler
                0x08000e9c                RCC_IRQHandler
                0x08000e9c                TIM8_BRK_TIM12_IRQHandler
                0x08000e9c                Default_Handler
                0x08000e9c                EXTI15_10_IRQHandler
                0x08000e9c                ADC_IRQHandler
                0x08000e9c                DMA1_Stream7_IRQHandler
                0x08000e9c                TIM7_IRQHandler
                0x08000e9c                CAN2_TX_IRQHandler
                0x08000e9c                TIM5_IRQHandler
                0x08000e9c                DMA2_Stream7_IRQHandler
                0x08000e9c                I2C3_EV_IRQHandler
                0x08000e9c                EXTI9_5_IRQHandler
                0x08000e9c                RTC_WKUP_IRQHandler
                0x08000e9c                ETH_WKUP_IRQHandler
                0x08000e9c                SPI2_IRQHandler
                0x08000e9c                OTG_HS_EP1_IN_IRQHandler
                0x08000e9c                DMA1_Stream0_IRQHandler
                0x08000e9c                CAN1_TX_IRQHandler
                0x08000e9c                EXTI4_IRQHandler
                0x08000e9c                FSMC_IRQHandler
                0x08000e9c                ETH_IRQHandler
                0x08000e9c                OTG_HS_EP1_OUT_IRQHandler
                0x08000e9c                WWDG_IRQHandler
                0x08000e9c                TIM2_IRQHandler
                0x08000e9c                OTG_FS_WKUP_IRQHandler
                0x08000e9c                TIM1_TRG_COM_TIM11_IRQHandler
                0x08000e9c                OTG_HS_IRQHandler
                0x08000e9c                EXTI1_IRQHandler
                0x08000e9c                USART2_IRQHandler
                0x08000e9c                I2C2_ER_IRQHandler
                0x08000e9c                DMA2_Stream1_IRQHandler
                0x08000e9c                CAN1_SCE_IRQHandler
                0x08000e9c                FLASH_IRQHandler
                0x08000e9c                DMA2_Stream4_IRQHandler
                0x08000e9c                USART1_IRQHandler
                0x08000e9c                OTG_FS_IRQHandler
                0x08000e9c                SPI3_IRQHandler
                0x08000e9c                DMA1_Stream4_IRQHandler
                0x08000e9c                I2C1_ER_IRQHandler
                0x08000e9c                DMA2_Stream6_IRQHandler
                0x08000e9c                DMA1_Stream3_IRQHandler
 *fill*         0x08000e9e        0x2 
 .text.SystemInit
                0x08000ea0       0x24 cmake/stm32cubemx/CMakeFiles/STM32_Drivers.dir/__/__/Core/Src/system_stm32f4xx.c.obj
                0x08000ea0                SystemInit
 .text.HAL_TIM_Base_Init
                0x08000ec4       0x9e cmake/stm32cubemx/CMakeFiles/STM32_Drivers.dir/__/__/Drivers/STM32F4xx_HAL_Driver/Src/stm32f4xx_hal_tim.c.obj
                0x08000ec4                HAL_TIM_Base_Init
 .text.HAL_TIM_PWM_Init
                0x08000f62       0x9e cmake/stm32cubemx/CMakeFiles/STM32_Drivers.dir/__/__/Drivers/STM32F4xx_HAL_Driver/Src/stm32f4xx_hal_tim.c.obj
                0x08000f62                HAL_TIM_PWM_Init
 .text.HAL_TIM_PWM_MspInit
                0x08001000       0x14 cmake/stm32cubemx/CMakeFiles/STM32_Drivers.dir/__/__/Drivers/STM32F4xx_HAL_Driver/Src/stm32f4xx_hal_tim.c.obj
                0x08001000                HAL_TIM_PWM_MspInit
 .text.HAL_TIM_PWM_Start
                0x08001014      0x190 cmake/stm32cubemx/CMakeFiles/STM32_Drivers.dir/__/__/Drivers/STM32F4xx_HAL_Driver/Src/stm32f4xx_hal_tim.c.obj
                0x08001014                HAL_TIM_PWM_Start
 .text.HAL_TIM_Encoder_Init
                0x080011a4      0x14c cmake/stm32cubemx/CMakeFiles/STM32_Drivers.dir/__/__/Drivers/STM32F4xx_HAL_Driver/Src/stm32f4xx_hal_tim.c.obj
                0x080011a4                HAL_TIM_Encoder_Init
 .text.HAL_TIM_PWM_ConfigChannel
                0x080012f0      0x184 cmake/stm32cubemx/CMakeFiles/STM32_Drivers.dir/__/__/Drivers/STM32F4xx_HAL_Driver/Src/stm32f4xx_hal_tim.c.obj
                0x080012f0                HAL_TIM_PWM_ConfigChannel
 .text.HAL_TIM_ConfigClockSource
                0x08001474      0x18e cmake/stm32cubemx/CMakeFiles/STM32_Drivers.dir/__/__/Drivers/STM32F4xx_HAL_Driver/Src/stm32f4xx_hal_tim.c.obj
                0x08001474                HAL_TIM_ConfigClockSource
 *fill*         0x08001602        0x2 
 .text.TIM_Base_SetConfig
                0x08001604      0x14c cmake/stm32cubemx/CMakeFiles/STM32_Drivers.dir/__/__/Drivers/STM32F4xx_HAL_Driver/Src/stm32f4xx_hal_tim.c.obj
                0x08001604                TIM_Base_SetConfig
 .text.TIM_OC1_SetConfig
                0x08001750       0xe0 cmake/stm32cubemx/CMakeFiles/STM32_Drivers.dir/__/__/Drivers/STM32F4xx_HAL_Driver/Src/stm32f4xx_hal_tim.c.obj
 .text.TIM_OC2_SetConfig
                0x08001830       0xec cmake/stm32cubemx/CMakeFiles/STM32_Drivers.dir/__/__/Drivers/STM32F4xx_HAL_Driver/Src/stm32f4xx_hal_tim.c.obj
                0x08001830                TIM_OC2_SetConfig
 .text.TIM_OC3_SetConfig
                0x0800191c       0xe8 cmake/stm32cubemx/CMakeFiles/STM32_Drivers.dir/__/__/Drivers/STM32F4xx_HAL_Driver/Src/stm32f4xx_hal_tim.c.obj
 .text.TIM_OC4_SetConfig
                0x08001a04       0xac cmake/stm32cubemx/CMakeFiles/STM32_Drivers.dir/__/__/Drivers/STM32F4xx_HAL_Driver/Src/stm32f4xx_hal_tim.c.obj
 .text.TIM_TI1_ConfigInputStage
                0x08001ab0       0x5e cmake/stm32cubemx/CMakeFiles/STM32_Drivers.dir/__/__/Drivers/STM32F4xx_HAL_Driver/Src/stm32f4xx_hal_tim.c.obj
 .text.TIM_TI2_ConfigInputStage
                0x08001b0e       0x60 cmake/stm32cubemx/CMakeFiles/STM32_Drivers.dir/__/__/Drivers/STM32F4xx_HAL_Driver/Src/stm32f4xx_hal_tim.c.obj
 .text.TIM_ITRx_SetConfig
                0x08001b6e       0x36 cmake/stm32cubemx/CMakeFiles/STM32_Drivers.dir/__/__/Drivers/STM32F4xx_HAL_Driver/Src/stm32f4xx_hal_tim.c.obj
 .text.TIM_ETR_SetConfig
                0x08001ba4       0x40 cmake/stm32cubemx/CMakeFiles/STM32_Drivers.dir/__/__/Drivers/STM32F4xx_HAL_Driver/Src/stm32f4xx_hal_tim.c.obj
                0x08001ba4                TIM_ETR_SetConfig
 .text.TIM_CCxChannelCmd
                0x08001be4       0x4a cmake/stm32cubemx/CMakeFiles/STM32_Drivers.dir/__/__/Drivers/STM32F4xx_HAL_Driver/Src/stm32f4xx_hal_tim.c.obj
                0x08001be4                TIM_CCxChannelCmd
 *fill*         0x08001c2e        0x2 
 .text.HAL_TIMEx_MasterConfigSynchronization
                0x08001c30       0xf8 cmake/stm32cubemx/CMakeFiles/STM32_Drivers.dir/__/__/Drivers/STM32F4xx_HAL_Driver/Src/stm32f4xx_hal_tim_ex.c.obj
                0x08001c30                HAL_TIMEx_MasterConfigSynchronization
 .text.HAL_RCC_OscConfig
                0x08001d28      0x4f0 cmake/stm32cubemx/CMakeFiles/STM32_Drivers.dir/__/__/Drivers/STM32F4xx_HAL_Driver/Src/stm32f4xx_hal_rcc.c.obj
                0x08001d28                HAL_RCC_OscConfig
 .text.HAL_RCC_ClockConfig
                0x08002218      0x1cc cmake/stm32cubemx/CMakeFiles/STM32_Drivers.dir/__/__/Drivers/STM32F4xx_HAL_Driver/Src/stm32f4xx_hal_rcc.c.obj
                0x08002218                HAL_RCC_ClockConfig
 .text.HAL_RCC_GetSysClockFreq
                0x080023e4      0x18c cmake/stm32cubemx/CMakeFiles/STM32_Drivers.dir/__/__/Drivers/STM32F4xx_HAL_Driver/Src/stm32f4xx_hal_rcc.c.obj
                0x080023e4                HAL_RCC_GetSysClockFreq
 .text.HAL_GPIO_Init
                0x08002570      0x338 cmake/stm32cubemx/CMakeFiles/STM32_Drivers.dir/__/__/Drivers/STM32F4xx_HAL_Driver/Src/stm32f4xx_hal_gpio.c.obj
                0x08002570                HAL_GPIO_Init
 .text.HAL_GPIO_WritePin
                0x080028a8       0x32 cmake/stm32cubemx/CMakeFiles/STM32_Drivers.dir/__/__/Drivers/STM32F4xx_HAL_Driver/Src/stm32f4xx_hal_gpio.c.obj
                0x080028a8                HAL_GPIO_WritePin
 *fill*         0x080028da        0x2 
 .text.__NVIC_SetPriorityGrouping
                0x080028dc       0x48 cmake/stm32cubemx/CMakeFiles/STM32_Drivers.dir/__/__/Drivers/STM32F4xx_HAL_Driver/Src/stm32f4xx_hal_cortex.c.obj
 .text.__NVIC_GetPriorityGrouping
                0x08002924       0x1c cmake/stm32cubemx/CMakeFiles/STM32_Drivers.dir/__/__/Drivers/STM32F4xx_HAL_Driver/Src/stm32f4xx_hal_cortex.c.obj
 .text.__NVIC_SetPriority
                0x08002940       0x54 cmake/stm32cubemx/CMakeFiles/STM32_Drivers.dir/__/__/Drivers/STM32F4xx_HAL_Driver/Src/stm32f4xx_hal_cortex.c.obj
 .text.NVIC_EncodePriority
                0x08002994       0x66 cmake/stm32cubemx/CMakeFiles/STM32_Drivers.dir/__/__/Drivers/STM32F4xx_HAL_Driver/Src/stm32f4xx_hal_cortex.c.obj
 *fill*         0x080029fa        0x2 
 .text.SysTick_Config
                0x080029fc       0x44 cmake/stm32cubemx/CMakeFiles/STM32_Drivers.dir/__/__/Drivers/STM32F4xx_HAL_Driver/Src/stm32f4xx_hal_cortex.c.obj
 .text.HAL_NVIC_SetPriorityGrouping
                0x08002a40       0x16 cmake/stm32cubemx/CMakeFiles/STM32_Drivers.dir/__/__/Drivers/STM32F4xx_HAL_Driver/Src/stm32f4xx_hal_cortex.c.obj
                0x08002a40                HAL_NVIC_SetPriorityGrouping
 .text.HAL_NVIC_SetPriority
                0x08002a56       0x38 cmake/stm32cubemx/CMakeFiles/STM32_Drivers.dir/__/__/Drivers/STM32F4xx_HAL_Driver/Src/stm32f4xx_hal_cortex.c.obj
                0x08002a56                HAL_NVIC_SetPriority
 .text.HAL_SYSTICK_Config
                0x08002a8e       0x18 cmake/stm32cubemx/CMakeFiles/STM32_Drivers.dir/__/__/Drivers/STM32F4xx_HAL_Driver/Src/stm32f4xx_hal_cortex.c.obj
                0x08002a8e                HAL_SYSTICK_Config
 *fill*         0x08002aa6        0x2 
 .text.HAL_Init
                0x08002aa8       0x44 cmake/stm32cubemx/CMakeFiles/STM32_Drivers.dir/__/__/Drivers/STM32F4xx_HAL_Driver/Src/stm32f4xx_hal.c.obj
                0x08002aa8                HAL_Init
 .text.HAL_InitTick
                0x08002aec       0x60 cmake/stm32cubemx/CMakeFiles/STM32_Drivers.dir/__/__/Drivers/STM32F4xx_HAL_Driver/Src/stm32f4xx_hal.c.obj
                0x08002aec                HAL_InitTick
 .text.HAL_IncTick
                0x08002b4c       0x28 cmake/stm32cubemx/CMakeFiles/STM32_Drivers.dir/__/__/Drivers/STM32F4xx_HAL_Driver/Src/stm32f4xx_hal.c.obj
                0x08002b4c                HAL_IncTick
 .text.HAL_GetTick
                0x08002b74       0x18 cmake/stm32cubemx/CMakeFiles/STM32_Drivers.dir/__/__/Drivers/STM32F4xx_HAL_Driver/Src/stm32f4xx_hal.c.obj
                0x08002b74                HAL_GetTick
 *(.glue_7)
 .glue_7        0x08002b8c        0x0 linker stubs
 *(.glue_7t)
 .glue_7t       0x08002b8c        0x0 linker stubs
 *(.eh_frame)
 .eh_frame      0x08002b8c        0x0 d:/devault/environment/armgcc/bin/../lib/gcc/arm-none-eabi/10.3.1/thumb/v7e-m+fp/hard/crtbegin.o
 *(.init)
 .init          0x08002b8c        0x4 d:/devault/environment/armgcc/bin/../lib/gcc/arm-none-eabi/10.3.1/thumb/v7e-m+fp/hard/crti.o
                0x08002b8c                _init
 .init          0x08002b90        0x8 d:/devault/environment/armgcc/bin/../lib/gcc/arm-none-eabi/10.3.1/thumb/v7e-m+fp/hard/crtn.o
 *(.fini)
 .fini          0x08002b98        0x4 d:/devault/environment/armgcc/bin/../lib/gcc/arm-none-eabi/10.3.1/thumb/v7e-m+fp/hard/crti.o
                0x08002b98                _fini
 .fini          0x08002b9c        0x8 d:/devault/environment/armgcc/bin/../lib/gcc/arm-none-eabi/10.3.1/thumb/v7e-m+fp/hard/crtn.o
                0x08002ba4                . = ALIGN (0x4)
                0x08002ba4                _etext = .

.vfp11_veneer   0x08002ba4        0x0
 .vfp11_veneer  0x08002ba4        0x0 linker stubs

.v4_bx          0x08002ba4        0x0
 .v4_bx         0x08002ba4        0x0 linker stubs

.iplt           0x08002ba4        0x0
 .iplt          0x08002ba4        0x0 d:/devault/environment/armgcc/bin/../lib/gcc/arm-none-eabi/10.3.1/thumb/v7e-m+fp/hard/crtbegin.o

.rodata         0x08002ba4       0x10
                0x08002ba4                . = ALIGN (0x4)
 *(.rodata)
 *(.rodata*)
 .rodata.AHBPrescTable
                0x08002ba4       0x10 cmake/stm32cubemx/CMakeFiles/STM32_Drivers.dir/__/__/Core/Src/system_stm32f4xx.c.obj
                0x08002ba4                AHBPrescTable
                0x08002bb4                . = ALIGN (0x4)

.ARM.extab
 *(.ARM.extab* .gnu.linkonce.armextab.*)

.ARM            0x08002bb4        0x8
                0x08002bb4                __exidx_start = .
 *(.ARM.exidx*)
 .ARM.exidx     0x08002bb4        0x8 d:/devault/environment/armgcc/bin/../lib/gcc/arm-none-eabi/10.3.1/thumb/v7e-m+fp/hard\libgcc.a(_udivmoddi4.o)
                0x08002bbc                __exidx_end = .

.rel.dyn        0x08002bbc        0x0
 .rel.iplt      0x08002bbc        0x0 d:/devault/environment/armgcc/bin/../lib/gcc/arm-none-eabi/10.3.1/thumb/v7e-m+fp/hard/crtbegin.o

.preinit_array  0x08002bbc        0x0
                0x08002bbc                PROVIDE (__preinit_array_start = .)
 *(.preinit_array*)
                0x08002bbc                PROVIDE (__preinit_array_end = .)

.init_array     0x08002bbc        0x4
                0x08002bbc                PROVIDE (__init_array_start = .)
 *(SORT_BY_NAME(.init_array.*))
 *(.init_array*)
 .init_array    0x08002bbc        0x4 d:/devault/environment/armgcc/bin/../lib/gcc/arm-none-eabi/10.3.1/thumb/v7e-m+fp/hard/crtbegin.o
                0x08002bc0                PROVIDE (__init_array_end = .)

.fini_array     0x08002bc0        0x4
                [!provide]                PROVIDE (__fini_array_start = .)
 *(SORT_BY_NAME(.fini_array.*))
 *(.fini_array*)
 .fini_array    0x08002bc0        0x4 d:/devault/environment/armgcc/bin/../lib/gcc/arm-none-eabi/10.3.1/thumb/v7e-m+fp/hard/crtbegin.o
                [!provide]                PROVIDE (__fini_array_end = .)
                0x08002bc4                _sidata = LOADADDR (.data)

.data           0x20000000        0xc load address 0x08002bc4
                0x20000000                . = ALIGN (0x4)
                0x20000000                _sdata = .
 *(.data)
 *(.data*)
 .data.SystemCoreClock
                0x20000000        0x4 cmake/stm32cubemx/CMakeFiles/STM32_Drivers.dir/__/__/Core/Src/system_stm32f4xx.c.obj
                0x20000000                SystemCoreClock
 .data.uwTickPrio
                0x20000004        0x4 cmake/stm32cubemx/CMakeFiles/STM32_Drivers.dir/__/__/Drivers/STM32F4xx_HAL_Driver/Src/stm32f4xx_hal.c.obj
                0x20000004                uwTickPrio
 .data.uwTickFreq
                0x20000008        0x1 cmake/stm32cubemx/CMakeFiles/STM32_Drivers.dir/__/__/Drivers/STM32F4xx_HAL_Driver/Src/stm32f4xx_hal.c.obj
                0x20000008                uwTickFreq
                0x2000000c                . = ALIGN (0x4)
 *fill*         0x20000009        0x3 
                0x2000000c                _edata = .
                0x08002bd0                _siccmram = LOADADDR (.ccmram)

.igot.plt       0x2000000c        0x0 load address 0x08002bd0
 .igot.plt      0x2000000c        0x0 d:/devault/environment/armgcc/bin/../lib/gcc/arm-none-eabi/10.3.1/thumb/v7e-m+fp/hard/crtbegin.o

.ccmram         0x10000000        0x0 load address 0x08002bd0
                0x10000000                . = ALIGN (0x4)
                0x10000000                _sccmram = .
 *(.ccmram)
 *(.ccmram*)
                0x10000000                . = ALIGN (0x4)
                0x10000000                _eccmram = .
                0x10000000                . = ALIGN (0x4)

.bss            0x2000000c       0xf8
                0x2000000c                _sbss = .
                0x2000000c                __bss_start__ = _sbss
 *(.bss)
 .bss           0x2000000c       0x1c d:/devault/environment/armgcc/bin/../lib/gcc/arm-none-eabi/10.3.1/thumb/v7e-m+fp/hard/crtbegin.o
 *(.bss*)
 .bss.htim1     0x20000028       0x48 CMakeFiles/mec_wheel.dir/Core/Src/tim.c.obj
                0x20000028                htim1
 .bss.htim3     0x20000070       0x48 CMakeFiles/mec_wheel.dir/Core/Src/tim.c.obj
                0x20000070                htim3
 .bss.htim5     0x200000b8       0x48 CMakeFiles/mec_wheel.dir/Core/Src/tim.c.obj
                0x200000b8                htim5
 .bss.uwTick    0x20000100        0x4 cmake/stm32cubemx/CMakeFiles/STM32_Drivers.dir/__/__/Drivers/STM32F4xx_HAL_Driver/Src/stm32f4xx_hal.c.obj
                0x20000100                uwTick
 *(COMMON)
                0x20000104                . = ALIGN (0x4)
                0x20000104                _ebss = .
                0x20000104                __bss_end__ = _ebss

._user_heap_stack
                0x20000104      0x604
                0x20000108                . = ALIGN (0x8)
 *fill*         0x20000104        0x4 
                [!provide]                PROVIDE (end = .)
                0x20000108                PROVIDE (_end = .)
                0x20000308                . = (. + _Min_Heap_Size)
 *fill*         0x20000108      0x200 
                0x20000708                . = (. + _Min_Stack_Size)
 *fill*         0x20000308      0x400 
                0x20000708                . = ALIGN (0x8)

/DISCARD/
 libc.a(*)
 libm.a(*)
 libgcc.a(*)

.ARM.attributes
                0x00000000       0x30
 *(.ARM.attributes)
 .ARM.attributes
                0x00000000       0x1e d:/devault/environment/armgcc/bin/../lib/gcc/arm-none-eabi/10.3.1/thumb/v7e-m+fp/hard/crti.o
 .ARM.attributes
                0x0000001e       0x34 d:/devault/environment/armgcc/bin/../lib/gcc/arm-none-eabi/10.3.1/thumb/v7e-m+fp/hard/crtbegin.o
 .ARM.attributes
                0x00000052       0x34 d:/devault/environment/armgcc/bin/../lib/gcc/arm-none-eabi/10.3.1/../../../../arm-none-eabi/lib/thumb/v7e-m+fp/hard\libc_nano.a(lib_a-init.o)
 .ARM.attributes
                0x00000086       0x34 d:/devault/environment/armgcc/bin/../lib/gcc/arm-none-eabi/10.3.1/../../../../arm-none-eabi/lib/thumb/v7e-m+fp/hard\libc_nano.a(lib_a-memset.o)
 .ARM.attributes
                0x000000ba       0x34 CMakeFiles/mec_wheel.dir/Core/Src/driver.c.obj
 .ARM.attributes
                0x000000ee       0x34 CMakeFiles/mec_wheel.dir/Core/Src/main.c.obj
 .ARM.attributes
                0x00000122       0x34 CMakeFiles/mec_wheel.dir/Core/Src/gpio.c.obj
 .ARM.attributes
                0x00000156       0x34 CMakeFiles/mec_wheel.dir/Core/Src/tim.c.obj
 .ARM.attributes
                0x0000018a       0x34 CMakeFiles/mec_wheel.dir/Core/Src/stm32f4xx_it.c.obj
 .ARM.attributes
                0x000001be       0x34 CMakeFiles/mec_wheel.dir/Core/Src/stm32f4xx_hal_msp.c.obj
 .ARM.attributes
                0x000001f2       0x21 CMakeFiles/mec_wheel.dir/startup_stm32f407xx.s.obj
 .ARM.attributes
                0x00000213       0x34 cmake/stm32cubemx/CMakeFiles/STM32_Drivers.dir/__/__/Core/Src/system_stm32f4xx.c.obj
 .ARM.attributes
                0x00000247       0x34 cmake/stm32cubemx/CMakeFiles/STM32_Drivers.dir/__/__/Drivers/STM32F4xx_HAL_Driver/Src/stm32f4xx_hal_tim.c.obj
 .ARM.attributes
                0x0000027b       0x34 cmake/stm32cubemx/CMakeFiles/STM32_Drivers.dir/__/__/Drivers/STM32F4xx_HAL_Driver/Src/stm32f4xx_hal_tim_ex.c.obj
 .ARM.attributes
                0x000002af       0x34 cmake/stm32cubemx/CMakeFiles/STM32_Drivers.dir/__/__/Drivers/STM32F4xx_HAL_Driver/Src/stm32f4xx_hal_rcc.c.obj
 .ARM.attributes
                0x000002e3       0x34 cmake/stm32cubemx/CMakeFiles/STM32_Drivers.dir/__/__/Drivers/STM32F4xx_HAL_Driver/Src/stm32f4xx_hal_gpio.c.obj
 .ARM.attributes
                0x00000317       0x34 cmake/stm32cubemx/CMakeFiles/STM32_Drivers.dir/__/__/Drivers/STM32F4xx_HAL_Driver/Src/stm32f4xx_hal_cortex.c.obj
 .ARM.attributes
                0x0000034b       0x34 cmake/stm32cubemx/CMakeFiles/STM32_Drivers.dir/__/__/Drivers/STM32F4xx_HAL_Driver/Src/stm32f4xx_hal.c.obj
 .ARM.attributes
                0x0000037f       0x1e d:/devault/environment/armgcc/bin/../lib/gcc/arm-none-eabi/10.3.1/thumb/v7e-m+fp/hard\libgcc.a(_aeabi_uldivmod.o)
 .ARM.attributes
                0x0000039d       0x34 d:/devault/environment/armgcc/bin/../lib/gcc/arm-none-eabi/10.3.1/thumb/v7e-m+fp/hard\libgcc.a(_udivmoddi4.o)
 .ARM.attributes
                0x000003d1       0x1e d:/devault/environment/armgcc/bin/../lib/gcc/arm-none-eabi/10.3.1/thumb/v7e-m+fp/hard\libgcc.a(_dvmd_tls.o)
 .ARM.attributes
                0x000003ef       0x1e d:/devault/environment/armgcc/bin/../lib/gcc/arm-none-eabi/10.3.1/thumb/v7e-m+fp/hard/crtn.o
OUTPUT(mec_wheel.elf elf32-littlearm)
LOAD linker stubs
LOAD d:/devault/environment/armgcc/bin/../lib/gcc/arm-none-eabi/10.3.1/../../../../arm-none-eabi/lib/thumb/v7e-m+fp/hard\libc.a
LOAD d:/devault/environment/armgcc/bin/../lib/gcc/arm-none-eabi/10.3.1/../../../../arm-none-eabi/lib/thumb/v7e-m+fp/hard\libm.a
LOAD d:/devault/environment/armgcc/bin/../lib/gcc/arm-none-eabi/10.3.1/thumb/v7e-m+fp/hard\libgcc.a

.debug_frame    0x00000000     0x2848
 .debug_frame   0x00000000       0x2c d:/devault/environment/armgcc/bin/../lib/gcc/arm-none-eabi/10.3.1/../../../../arm-none-eabi/lib/thumb/v7e-m+fp/hard\libc_nano.a(lib_a-init.o)
 .debug_frame   0x0000002c       0x20 d:/devault/environment/armgcc/bin/../lib/gcc/arm-none-eabi/10.3.1/../../../../arm-none-eabi/lib/thumb/v7e-m+fp/hard\libc_nano.a(lib_a-memset.o)
 .debug_frame   0x0000004c       0x58 CMakeFiles/mec_wheel.dir/Core/Src/driver.c.obj
 .debug_frame   0x000000a4       0x90 CMakeFiles/mec_wheel.dir/Core/Src/main.c.obj
 .debug_frame   0x00000134       0x34 CMakeFiles/mec_wheel.dir/Core/Src/gpio.c.obj
 .debug_frame   0x00000168      0x138 CMakeFiles/mec_wheel.dir/Core/Src/tim.c.obj
 .debug_frame   0x000002a0      0x104 CMakeFiles/mec_wheel.dir/Core/Src/stm32f4xx_it.c.obj
 .debug_frame   0x000003a4       0x38 CMakeFiles/mec_wheel.dir/Core/Src/stm32f4xx_hal_msp.c.obj
 .debug_frame   0x000003dc       0x58 cmake/stm32cubemx/CMakeFiles/STM32_Drivers.dir/__/__/Core/Src/system_stm32f4xx.c.obj
 .debug_frame   0x00000434     0x11c0 cmake/stm32cubemx/CMakeFiles/STM32_Drivers.dir/__/__/Drivers/STM32F4xx_HAL_Driver/Src/stm32f4xx_hal_tim.c.obj
 .debug_frame   0x000015f4      0x638 cmake/stm32cubemx/CMakeFiles/STM32_Drivers.dir/__/__/Drivers/STM32F4xx_HAL_Driver/Src/stm32f4xx_hal_tim_ex.c.obj
 .debug_frame   0x00001c2c      0x1f4 cmake/stm32cubemx/CMakeFiles/STM32_Drivers.dir/__/__/Drivers/STM32F4xx_HAL_Driver/Src/stm32f4xx_hal_rcc.c.obj
 .debug_frame   0x00001e20      0x14c cmake/stm32cubemx/CMakeFiles/STM32_Drivers.dir/__/__/Drivers/STM32F4xx_HAL_Driver/Src/stm32f4xx_hal_gpio.c.obj
 .debug_frame   0x00001f6c      0x508 cmake/stm32cubemx/CMakeFiles/STM32_Drivers.dir/__/__/Drivers/STM32F4xx_HAL_Driver/Src/stm32f4xx_hal_cortex.c.obj
 .debug_frame   0x00002474      0x374 cmake/stm32cubemx/CMakeFiles/STM32_Drivers.dir/__/__/Drivers/STM32F4xx_HAL_Driver/Src/stm32f4xx_hal.c.obj
 .debug_frame   0x000027e8       0x2c d:/devault/environment/armgcc/bin/../lib/gcc/arm-none-eabi/10.3.1/thumb/v7e-m+fp/hard\libgcc.a(_aeabi_uldivmod.o)
 .debug_frame   0x00002814       0x34 d:/devault/environment/armgcc/bin/../lib/gcc/arm-none-eabi/10.3.1/thumb/v7e-m+fp/hard\libgcc.a(_udivmoddi4.o)

.debug_info     0x00000000     0x9714
 .debug_info    0x00000000      0x7bf CMakeFiles/mec_wheel.dir/Core/Src/driver.c.obj
 .debug_info    0x000007bf      0xbbd CMakeFiles/mec_wheel.dir/Core/Src/main.c.obj
 .debug_info    0x0000137c      0x467 CMakeFiles/mec_wheel.dir/Core/Src/gpio.c.obj
 .debug_info    0x000017e3      0xd87 CMakeFiles/mec_wheel.dir/Core/Src/tim.c.obj
 .debug_info    0x0000256a      0x120 CMakeFiles/mec_wheel.dir/Core/Src/stm32f4xx_it.c.obj
 .debug_info    0x0000268a      0x2af CMakeFiles/mec_wheel.dir/Core/Src/stm32f4xx_hal_msp.c.obj
 .debug_info    0x00002939       0x22 CMakeFiles/mec_wheel.dir/startup_stm32f407xx.s.obj
 .debug_info    0x0000295b      0x523 cmake/stm32cubemx/CMakeFiles/STM32_Drivers.dir/__/__/Core/Src/system_stm32f4xx.c.obj
 .debug_info    0x00002e7e     0x2b8e cmake/stm32cubemx/CMakeFiles/STM32_Drivers.dir/__/__/Drivers/STM32F4xx_HAL_Driver/Src/stm32f4xx_hal_tim.c.obj
 .debug_info    0x00005a0c     0x14db cmake/stm32cubemx/CMakeFiles/STM32_Drivers.dir/__/__/Drivers/STM32F4xx_HAL_Driver/Src/stm32f4xx_hal_tim_ex.c.obj
 .debug_info    0x00006ee7      0x937 cmake/stm32cubemx/CMakeFiles/STM32_Drivers.dir/__/__/Drivers/STM32F4xx_HAL_Driver/Src/stm32f4xx_hal_rcc.c.obj
 .debug_info    0x0000781e      0x76a cmake/stm32cubemx/CMakeFiles/STM32_Drivers.dir/__/__/Drivers/STM32F4xx_HAL_Driver/Src/stm32f4xx_hal_gpio.c.obj
 .debug_info    0x00007f88      0xe63 cmake/stm32cubemx/CMakeFiles/STM32_Drivers.dir/__/__/Drivers/STM32F4xx_HAL_Driver/Src/stm32f4xx_hal_cortex.c.obj
 .debug_info    0x00008deb      0x929 cmake/stm32cubemx/CMakeFiles/STM32_Drivers.dir/__/__/Drivers/STM32F4xx_HAL_Driver/Src/stm32f4xx_hal.c.obj

.debug_abbrev   0x00000000     0x16ac
 .debug_abbrev  0x00000000      0x16f CMakeFiles/mec_wheel.dir/Core/Src/driver.c.obj
 .debug_abbrev  0x0000016f      0x210 CMakeFiles/mec_wheel.dir/Core/Src/main.c.obj
 .debug_abbrev  0x0000037f      0x121 CMakeFiles/mec_wheel.dir/Core/Src/gpio.c.obj
 .debug_abbrev  0x000004a0      0x22a CMakeFiles/mec_wheel.dir/Core/Src/tim.c.obj
 .debug_abbrev  0x000006ca       0x61 CMakeFiles/mec_wheel.dir/Core/Src/stm32f4xx_it.c.obj
 .debug_abbrev  0x0000072b       0xd4 CMakeFiles/mec_wheel.dir/Core/Src/stm32f4xx_hal_msp.c.obj
 .debug_abbrev  0x000007ff       0x12 CMakeFiles/mec_wheel.dir/startup_stm32f407xx.s.obj
 .debug_abbrev  0x00000811      0x116 cmake/stm32cubemx/CMakeFiles/STM32_Drivers.dir/__/__/Core/Src/system_stm32f4xx.c.obj
 .debug_abbrev  0x00000927      0x238 cmake/stm32cubemx/CMakeFiles/STM32_Drivers.dir/__/__/Drivers/STM32F4xx_HAL_Driver/Src/stm32f4xx_hal_tim.c.obj
 .debug_abbrev  0x00000b5f      0x240 cmake/stm32cubemx/CMakeFiles/STM32_Drivers.dir/__/__/Drivers/STM32F4xx_HAL_Driver/Src/stm32f4xx_hal_tim_ex.c.obj
 .debug_abbrev  0x00000d9f      0x262 cmake/stm32cubemx/CMakeFiles/STM32_Drivers.dir/__/__/Drivers/STM32F4xx_HAL_Driver/Src/stm32f4xx_hal_rcc.c.obj
 .debug_abbrev  0x00001001      0x1c4 cmake/stm32cubemx/CMakeFiles/STM32_Drivers.dir/__/__/Drivers/STM32F4xx_HAL_Driver/Src/stm32f4xx_hal_gpio.c.obj
 .debug_abbrev  0x000011c5      0x30d cmake/stm32cubemx/CMakeFiles/STM32_Drivers.dir/__/__/Drivers/STM32F4xx_HAL_Driver/Src/stm32f4xx_hal_cortex.c.obj
 .debug_abbrev  0x000014d2      0x1da cmake/stm32cubemx/CMakeFiles/STM32_Drivers.dir/__/__/Drivers/STM32F4xx_HAL_Driver/Src/stm32f4xx_hal.c.obj

.debug_aranges  0x00000000      0x9e0
 .debug_aranges
                0x00000000       0x28 CMakeFiles/mec_wheel.dir/Core/Src/driver.c.obj
 .debug_aranges
                0x00000028       0x38 CMakeFiles/mec_wheel.dir/Core/Src/main.c.obj
 .debug_aranges
                0x00000060       0x20 CMakeFiles/mec_wheel.dir/Core/Src/gpio.c.obj
 .debug_aranges
                0x00000080       0x58 CMakeFiles/mec_wheel.dir/Core/Src/tim.c.obj
 .debug_aranges
                0x000000d8       0x60 CMakeFiles/mec_wheel.dir/Core/Src/stm32f4xx_it.c.obj
 .debug_aranges
                0x00000138       0x20 CMakeFiles/mec_wheel.dir/Core/Src/stm32f4xx_hal_msp.c.obj
 .debug_aranges
                0x00000158       0x28 CMakeFiles/mec_wheel.dir/startup_stm32f407xx.s.obj
 .debug_aranges
                0x00000180       0x28 cmake/stm32cubemx/CMakeFiles/STM32_Drivers.dir/__/__/Core/Src/system_stm32f4xx.c.obj
 .debug_aranges
                0x000001a8      0x3d0 cmake/stm32cubemx/CMakeFiles/STM32_Drivers.dir/__/__/Drivers/STM32F4xx_HAL_Driver/Src/stm32f4xx_hal_tim.c.obj
 .debug_aranges
                0x00000578      0x168 cmake/stm32cubemx/CMakeFiles/STM32_Drivers.dir/__/__/Drivers/STM32F4xx_HAL_Driver/Src/stm32f4xx_hal_tim_ex.c.obj
 .debug_aranges
                0x000006e0       0x88 cmake/stm32cubemx/CMakeFiles/STM32_Drivers.dir/__/__/Drivers/STM32F4xx_HAL_Driver/Src/stm32f4xx_hal_rcc.c.obj
 .debug_aranges
                0x00000768       0x58 cmake/stm32cubemx/CMakeFiles/STM32_Drivers.dir/__/__/Drivers/STM32F4xx_HAL_Driver/Src/stm32f4xx_hal_gpio.c.obj
 .debug_aranges
                0x000007c0      0x130 cmake/stm32cubemx/CMakeFiles/STM32_Drivers.dir/__/__/Drivers/STM32F4xx_HAL_Driver/Src/stm32f4xx_hal_cortex.c.obj
 .debug_aranges
                0x000008f0       0xf0 cmake/stm32cubemx/CMakeFiles/STM32_Drivers.dir/__/__/Drivers/STM32F4xx_HAL_Driver/Src/stm32f4xx_hal.c.obj

.debug_ranges   0x00000000      0x908
 .debug_ranges  0x00000000       0x18 CMakeFiles/mec_wheel.dir/Core/Src/driver.c.obj
 .debug_ranges  0x00000018       0x28 CMakeFiles/mec_wheel.dir/Core/Src/main.c.obj
 .debug_ranges  0x00000040       0x10 CMakeFiles/mec_wheel.dir/Core/Src/gpio.c.obj
 .debug_ranges  0x00000050       0x48 CMakeFiles/mec_wheel.dir/Core/Src/tim.c.obj
 .debug_ranges  0x00000098       0x50 CMakeFiles/mec_wheel.dir/Core/Src/stm32f4xx_it.c.obj
 .debug_ranges  0x000000e8       0x10 CMakeFiles/mec_wheel.dir/Core/Src/stm32f4xx_hal_msp.c.obj
 .debug_ranges  0x000000f8       0x20 CMakeFiles/mec_wheel.dir/startup_stm32f407xx.s.obj
 .debug_ranges  0x00000118       0x18 cmake/stm32cubemx/CMakeFiles/STM32_Drivers.dir/__/__/Core/Src/system_stm32f4xx.c.obj
 .debug_ranges  0x00000130      0x3c0 cmake/stm32cubemx/CMakeFiles/STM32_Drivers.dir/__/__/Drivers/STM32F4xx_HAL_Driver/Src/stm32f4xx_hal_tim.c.obj
 .debug_ranges  0x000004f0      0x158 cmake/stm32cubemx/CMakeFiles/STM32_Drivers.dir/__/__/Drivers/STM32F4xx_HAL_Driver/Src/stm32f4xx_hal_tim_ex.c.obj
 .debug_ranges  0x00000648       0x78 cmake/stm32cubemx/CMakeFiles/STM32_Drivers.dir/__/__/Drivers/STM32F4xx_HAL_Driver/Src/stm32f4xx_hal_rcc.c.obj
 .debug_ranges  0x000006c0       0x48 cmake/stm32cubemx/CMakeFiles/STM32_Drivers.dir/__/__/Drivers/STM32F4xx_HAL_Driver/Src/stm32f4xx_hal_gpio.c.obj
 .debug_ranges  0x00000708      0x120 cmake/stm32cubemx/CMakeFiles/STM32_Drivers.dir/__/__/Drivers/STM32F4xx_HAL_Driver/Src/stm32f4xx_hal_cortex.c.obj
 .debug_ranges  0x00000828       0xe0 cmake/stm32cubemx/CMakeFiles/STM32_Drivers.dir/__/__/Drivers/STM32F4xx_HAL_Driver/Src/stm32f4xx_hal.c.obj

.debug_macro    0x00000000    0x20953
 .debug_macro   0x00000000      0x29d CMakeFiles/mec_wheel.dir/Core/Src/driver.c.obj
 .debug_macro   0x0000029d      0xa78 CMakeFiles/mec_wheel.dir/Core/Src/driver.c.obj
 .debug_macro   0x00000d15       0x22 CMakeFiles/mec_wheel.dir/Core/Src/driver.c.obj
 .debug_macro   0x00000d37       0x1e CMakeFiles/mec_wheel.dir/Core/Src/driver.c.obj
 .debug_macro   0x00000d55       0x22 CMakeFiles/mec_wheel.dir/Core/Src/driver.c.obj
 .debug_macro   0x00000d77       0x5e CMakeFiles/mec_wheel.dir/Core/Src/driver.c.obj
 .debug_macro   0x00000dd5       0x94 CMakeFiles/mec_wheel.dir/Core/Src/driver.c.obj
 .debug_macro   0x00000e69       0x35 CMakeFiles/mec_wheel.dir/Core/Src/driver.c.obj
 .debug_macro   0x00000e9e       0x34 CMakeFiles/mec_wheel.dir/Core/Src/driver.c.obj
 .debug_macro   0x00000ed2       0x16 CMakeFiles/mec_wheel.dir/Core/Src/driver.c.obj
 .debug_macro   0x00000ee8      0x10e CMakeFiles/mec_wheel.dir/Core/Src/driver.c.obj
 .debug_macro   0x00000ff6       0x8d CMakeFiles/mec_wheel.dir/Core/Src/driver.c.obj
 .debug_macro   0x00001083       0x16 CMakeFiles/mec_wheel.dir/Core/Src/driver.c.obj
 .debug_macro   0x00001099       0x43 CMakeFiles/mec_wheel.dir/Core/Src/driver.c.obj
 .debug_macro   0x000010dc       0x57 CMakeFiles/mec_wheel.dir/Core/Src/driver.c.obj
 .debug_macro   0x00001133       0x34 CMakeFiles/mec_wheel.dir/Core/Src/driver.c.obj
 .debug_macro   0x00001167       0x10 CMakeFiles/mec_wheel.dir/Core/Src/driver.c.obj
 .debug_macro   0x00001177       0x58 CMakeFiles/mec_wheel.dir/Core/Src/driver.c.obj
 .debug_macro   0x000011cf      0x182 CMakeFiles/mec_wheel.dir/Core/Src/driver.c.obj
 .debug_macro   0x00001351      0x341 CMakeFiles/mec_wheel.dir/Core/Src/driver.c.obj
 .debug_macro   0x00001692       0x16 CMakeFiles/mec_wheel.dir/Core/Src/driver.c.obj
 .debug_macro   0x000016a8       0x29 CMakeFiles/mec_wheel.dir/Core/Src/driver.c.obj
 .debug_macro   0x000016d1      0x295 CMakeFiles/mec_wheel.dir/Core/Src/driver.c.obj
 .debug_macro   0x00001966       0x2e CMakeFiles/mec_wheel.dir/Core/Src/driver.c.obj
 .debug_macro   0x00001994       0x2f CMakeFiles/mec_wheel.dir/Core/Src/driver.c.obj
 .debug_macro   0x000019c3      0x103 CMakeFiles/mec_wheel.dir/Core/Src/driver.c.obj
 .debug_macro   0x00001ac6       0x6a CMakeFiles/mec_wheel.dir/Core/Src/driver.c.obj
 .debug_macro   0x00001b30      0x1df CMakeFiles/mec_wheel.dir/Core/Src/driver.c.obj
 .debug_macro   0x00001d0f       0x1c CMakeFiles/mec_wheel.dir/Core/Src/driver.c.obj
 .debug_macro   0x00001d2b       0x22 CMakeFiles/mec_wheel.dir/Core/Src/driver.c.obj
 .debug_macro   0x00001d4d       0xfb CMakeFiles/mec_wheel.dir/Core/Src/driver.c.obj
 .debug_macro   0x00001e48     0x1011 CMakeFiles/mec_wheel.dir/Core/Src/driver.c.obj
 .debug_macro   0x00002e59      0x11f CMakeFiles/mec_wheel.dir/Core/Src/driver.c.obj
 .debug_macro   0x00002f78    0x15ea5 CMakeFiles/mec_wheel.dir/Core/Src/driver.c.obj
 .debug_macro   0x00018e1d       0x6d CMakeFiles/mec_wheel.dir/Core/Src/driver.c.obj
 .debug_macro   0x00018e8a     0x3693 CMakeFiles/mec_wheel.dir/Core/Src/driver.c.obj
 .debug_macro   0x0001c51d       0x56 CMakeFiles/mec_wheel.dir/Core/Src/driver.c.obj
 .debug_macro   0x0001c573      0x980 CMakeFiles/mec_wheel.dir/Core/Src/driver.c.obj
 .debug_macro   0x0001cef3      0x9e9 CMakeFiles/mec_wheel.dir/Core/Src/driver.c.obj
 .debug_macro   0x0001d8dc      0x115 CMakeFiles/mec_wheel.dir/Core/Src/driver.c.obj
 .debug_macro   0x0001d9f1      0x13e CMakeFiles/mec_wheel.dir/Core/Src/driver.c.obj
 .debug_macro   0x0001db2f       0xa5 CMakeFiles/mec_wheel.dir/Core/Src/driver.c.obj
 .debug_macro   0x0001dbd4      0x174 CMakeFiles/mec_wheel.dir/Core/Src/driver.c.obj
 .debug_macro   0x0001dd48      0x287 CMakeFiles/mec_wheel.dir/Core/Src/driver.c.obj
 .debug_macro   0x0001dfcf       0x5f CMakeFiles/mec_wheel.dir/Core/Src/driver.c.obj
 .debug_macro   0x0001e02e      0x236 CMakeFiles/mec_wheel.dir/Core/Src/driver.c.obj
 .debug_macro   0x0001e264      0x12c CMakeFiles/mec_wheel.dir/Core/Src/driver.c.obj
 .debug_macro   0x0001e390      0x21e CMakeFiles/mec_wheel.dir/Core/Src/driver.c.obj
 .debug_macro   0x0001e5ae       0x2e CMakeFiles/mec_wheel.dir/Core/Src/driver.c.obj
 .debug_macro   0x0001e5dc      0x127 CMakeFiles/mec_wheel.dir/Core/Src/driver.c.obj
 .debug_macro   0x0001e703       0x7e CMakeFiles/mec_wheel.dir/Core/Src/driver.c.obj
 .debug_macro   0x0001e781       0x89 CMakeFiles/mec_wheel.dir/Core/Src/driver.c.obj
 .debug_macro   0x0001e80a      0x8ed CMakeFiles/mec_wheel.dir/Core/Src/driver.c.obj
 .debug_macro   0x0001f0f7       0x4d CMakeFiles/mec_wheel.dir/Core/Src/driver.c.obj
 .debug_macro   0x0001f144      0x12d CMakeFiles/mec_wheel.dir/Core/Src/driver.c.obj
 .debug_macro   0x0001f271       0x94 CMakeFiles/mec_wheel.dir/Core/Src/driver.c.obj
 .debug_macro   0x0001f305      0x1fd CMakeFiles/mec_wheel.dir/Core/Src/main.c.obj
 .debug_macro   0x0001f502      0x1dd CMakeFiles/mec_wheel.dir/Core/Src/gpio.c.obj
 .debug_macro   0x0001f6df      0x1dd CMakeFiles/mec_wheel.dir/Core/Src/tim.c.obj
 .debug_macro   0x0001f8bc      0x1dd CMakeFiles/mec_wheel.dir/Core/Src/stm32f4xx_it.c.obj
 .debug_macro   0x0001fa99      0x1d3 CMakeFiles/mec_wheel.dir/Core/Src/stm32f4xx_hal_msp.c.obj
 .debug_macro   0x0001fc6c      0x1c4 cmake/stm32cubemx/CMakeFiles/STM32_Drivers.dir/__/__/Core/Src/system_stm32f4xx.c.obj
 .debug_macro   0x0001fe30      0x1c5 cmake/stm32cubemx/CMakeFiles/STM32_Drivers.dir/__/__/Drivers/STM32F4xx_HAL_Driver/Src/stm32f4xx_hal_tim.c.obj
 .debug_macro   0x0001fff5      0x1c4 cmake/stm32cubemx/CMakeFiles/STM32_Drivers.dir/__/__/Drivers/STM32F4xx_HAL_Driver/Src/stm32f4xx_hal_tim_ex.c.obj
 .debug_macro   0x000201b9      0x1e8 cmake/stm32cubemx/CMakeFiles/STM32_Drivers.dir/__/__/Drivers/STM32F4xx_HAL_Driver/Src/stm32f4xx_hal_rcc.c.obj
 .debug_macro   0x000203a1      0x1ca cmake/stm32cubemx/CMakeFiles/STM32_Drivers.dir/__/__/Drivers/STM32F4xx_HAL_Driver/Src/stm32f4xx_hal_gpio.c.obj
 .debug_macro   0x0002056b      0x1c4 cmake/stm32cubemx/CMakeFiles/STM32_Drivers.dir/__/__/Drivers/STM32F4xx_HAL_Driver/Src/stm32f4xx_hal_cortex.c.obj
 .debug_macro   0x0002072f      0x224 cmake/stm32cubemx/CMakeFiles/STM32_Drivers.dir/__/__/Drivers/STM32F4xx_HAL_Driver/Src/stm32f4xx_hal.c.obj

.debug_line     0x00000000     0xa67a
 .debug_line    0x00000000      0x6da CMakeFiles/mec_wheel.dir/Core/Src/driver.c.obj
 .debug_line    0x000006da      0x6b4 CMakeFiles/mec_wheel.dir/Core/Src/main.c.obj
 .debug_line    0x00000d8e      0x5e3 CMakeFiles/mec_wheel.dir/Core/Src/gpio.c.obj
 .debug_line    0x00001371      0x7ce CMakeFiles/mec_wheel.dir/Core/Src/tim.c.obj
 .debug_line    0x00001b3f      0x66a CMakeFiles/mec_wheel.dir/Core/Src/stm32f4xx_it.c.obj
 .debug_line    0x000021a9      0x5a8 CMakeFiles/mec_wheel.dir/Core/Src/stm32f4xx_hal_msp.c.obj
 .debug_line    0x00002751       0x9f CMakeFiles/mec_wheel.dir/startup_stm32f407xx.s.obj
 .debug_line    0x000027f0      0x61a cmake/stm32cubemx/CMakeFiles/STM32_Drivers.dir/__/__/Core/Src/system_stm32f4xx.c.obj
 .debug_line    0x00002e0a     0x35b2 cmake/stm32cubemx/CMakeFiles/STM32_Drivers.dir/__/__/Drivers/STM32F4xx_HAL_Driver/Src/stm32f4xx_hal_tim.c.obj
 .debug_line    0x000063bc     0x1882 cmake/stm32cubemx/CMakeFiles/STM32_Drivers.dir/__/__/Drivers/STM32F4xx_HAL_Driver/Src/stm32f4xx_hal_tim_ex.c.obj
 .debug_line    0x00007c3e      0xc21 cmake/stm32cubemx/CMakeFiles/STM32_Drivers.dir/__/__/Drivers/STM32F4xx_HAL_Driver/Src/stm32f4xx_hal_rcc.c.obj
 .debug_line    0x0000885f      0xa03 cmake/stm32cubemx/CMakeFiles/STM32_Drivers.dir/__/__/Drivers/STM32F4xx_HAL_Driver/Src/stm32f4xx_hal_gpio.c.obj
 .debug_line    0x00009262      0xb89 cmake/stm32cubemx/CMakeFiles/STM32_Drivers.dir/__/__/Drivers/STM32F4xx_HAL_Driver/Src/stm32f4xx_hal_cortex.c.obj
 .debug_line    0x00009deb      0x88f cmake/stm32cubemx/CMakeFiles/STM32_Drivers.dir/__/__/Drivers/STM32F4xx_HAL_Driver/Src/stm32f4xx_hal.c.obj

.debug_str      0x00000000    0xc7ac1
 .debug_str     0x00000000    0xc4c2c CMakeFiles/mec_wheel.dir/Core/Src/driver.c.obj
                              0xc4f55 (size before relaxing)
 .debug_str     0x000c4c2c      0x3af CMakeFiles/mec_wheel.dir/Core/Src/main.c.obj
                              0xc299e (size before relaxing)
 .debug_str     0x000c4fdb       0x7c CMakeFiles/mec_wheel.dir/Core/Src/gpio.c.obj
                              0xc224e (size before relaxing)
 .debug_str     0x000c5057      0x290 CMakeFiles/mec_wheel.dir/Core/Src/tim.c.obj
                              0xc29e7 (size before relaxing)
 .debug_str     0x000c52e7       0xe3 CMakeFiles/mec_wheel.dir/Core/Src/stm32f4xx_it.c.obj
                              0xc212b (size before relaxing)
 .debug_str     0x000c53ca       0x52 CMakeFiles/mec_wheel.dir/Core/Src/stm32f4xx_hal_msp.c.obj
                              0xc21b1 (size before relaxing)
 .debug_str     0x000c541c       0x4d CMakeFiles/mec_wheel.dir/startup_stm32f407xx.s.obj
                                 0x88 (size before relaxing)
 .debug_str     0x000c5469      0x14e cmake/stm32cubemx/CMakeFiles/STM32_Drivers.dir/__/__/Core/Src/system_stm32f4xx.c.obj
                              0xc2081 (size before relaxing)
 .debug_str     0x000c55b7      0xcfd cmake/stm32cubemx/CMakeFiles/STM32_Drivers.dir/__/__/Drivers/STM32F4xx_HAL_Driver/Src/stm32f4xx_hal_tim.c.obj
                              0xc3382 (size before relaxing)
 .debug_str     0x000c62b4      0x514 cmake/stm32cubemx/CMakeFiles/STM32_Drivers.dir/__/__/Drivers/STM32F4xx_HAL_Driver/Src/stm32f4xx_hal_tim_ex.c.obj
                              0xc2b23 (size before relaxing)
 .debug_str     0x000c67c8      0x2b7 cmake/stm32cubemx/CMakeFiles/STM32_Drivers.dir/__/__/Drivers/STM32F4xx_HAL_Driver/Src/stm32f4xx_hal_rcc.c.obj
                              0xc248e (size before relaxing)
 .debug_str     0x000c6a7f      0x185 cmake/stm32cubemx/CMakeFiles/STM32_Drivers.dir/__/__/Drivers/STM32F4xx_HAL_Driver/Src/stm32f4xx_hal_gpio.c.obj
                              0xc21fc (size before relaxing)
 .debug_str     0x000c6c04      0x8eb cmake/stm32cubemx/CMakeFiles/STM32_Drivers.dir/__/__/Drivers/STM32F4xx_HAL_Driver/Src/stm32f4xx_hal_cortex.c.obj
                              0xc2981 (size before relaxing)
 .debug_str     0x000c74ef      0x5d2 cmake/stm32cubemx/CMakeFiles/STM32_Drivers.dir/__/__/Drivers/STM32F4xx_HAL_Driver/Src/stm32f4xx_hal.c.obj
                              0xc2bb6 (size before relaxing)

.comment        0x00000000       0x49
 .comment       0x00000000       0x49 CMakeFiles/mec_wheel.dir/Core/Src/driver.c.obj
                                 0x4a (size before relaxing)
 .comment       0x00000049       0x4a CMakeFiles/mec_wheel.dir/Core/Src/main.c.obj
 .comment       0x00000049       0x4a CMakeFiles/mec_wheel.dir/Core/Src/gpio.c.obj
 .comment       0x00000049       0x4a CMakeFiles/mec_wheel.dir/Core/Src/tim.c.obj
 .comment       0x00000049       0x4a CMakeFiles/mec_wheel.dir/Core/Src/stm32f4xx_it.c.obj
 .comment       0x00000049       0x4a CMakeFiles/mec_wheel.dir/Core/Src/stm32f4xx_hal_msp.c.obj
 .comment       0x00000049       0x4a cmake/stm32cubemx/CMakeFiles/STM32_Drivers.dir/__/__/Core/Src/system_stm32f4xx.c.obj
 .comment       0x00000049       0x4a cmake/stm32cubemx/CMakeFiles/STM32_Drivers.dir/__/__/Drivers/STM32F4xx_HAL_Driver/Src/stm32f4xx_hal_tim.c.obj
 .comment       0x00000049       0x4a cmake/stm32cubemx/CMakeFiles/STM32_Drivers.dir/__/__/Drivers/STM32F4xx_HAL_Driver/Src/stm32f4xx_hal_tim_ex.c.obj
 .comment       0x00000049       0x4a cmake/stm32cubemx/CMakeFiles/STM32_Drivers.dir/__/__/Drivers/STM32F4xx_HAL_Driver/Src/stm32f4xx_hal_rcc.c.obj
 .comment       0x00000049       0x4a cmake/stm32cubemx/CMakeFiles/STM32_Drivers.dir/__/__/Drivers/STM32F4xx_HAL_Driver/Src/stm32f4xx_hal_gpio.c.obj
 .comment       0x00000049       0x4a cmake/stm32cubemx/CMakeFiles/STM32_Drivers.dir/__/__/Drivers/STM32F4xx_HAL_Driver/Src/stm32f4xx_hal_cortex.c.obj
 .comment       0x00000049       0x4a cmake/stm32cubemx/CMakeFiles/STM32_Drivers.dir/__/__/Drivers/STM32F4xx_HAL_Driver/Src/stm32f4xx_hal.c.obj
